Component: ARM Compiler 5.06 update 6 (build 750) Tool: armlink [4d35ed]

==============================================================================

Section Cross References

    adc.o(i.ADCIntRegister) refers to adc.o(i._ADCIntNumberGet) for _ADCIntNumberGet
    adc.o(i.ADCIntRegister) refers to interrupt.o(i.IntRegister) for IntRegister
    adc.o(i.ADCIntRegister) refers to interrupt.o(i.IntEnable) for IntEnable
    adc.o(i.ADCIntUnregister) refers to adc.o(i._ADCIntNumberGet) for _ADCIntNumberGet
    adc.o(i.ADCIntUnregister) refers to interrupt.o(i.IntDisable) for IntDisable
    adc.o(i.ADCIntUnregister) refers to interrupt.o(i.IntUnregister) for IntUnregister
    adc.o(i.ADCSoftwareOversampleConfigure) refers to adc.o(.data) for g_pui8OversampleFactor
    adc.o(i.ADCSoftwareOversampleDataGet) refers to adc.o(.data) for g_pui8OversampleFactor
    adc.o(i.ADCSoftwareOversampleStepConfigure) refers to adc.o(.data) for g_pui8OversampleFactor
    aes.o(i.AESDataAuth) refers to aes.o(i.AESLengthSet) for AESLengthSet
    aes.o(i.AESDataAuth) refers to aes.o(i.AESDataWrite) for AESDataWrite
    aes.o(i.AESDataAuth) refers to aes.o(i.AESTagRead) for AESTagRead
    aes.o(i.AESDataProcess) refers to aes.o(i.AESLengthSet) for AESLengthSet
    aes.o(i.AESDataProcess) refers to aes.o(i.AESDataWrite) for AESDataWrite
    aes.o(i.AESDataProcess) refers to aes.o(i.AESDataRead) for AESDataRead
    aes.o(i.AESDataProcessAuth) refers to aes.o(i.AESLengthSet) for AESLengthSet
    aes.o(i.AESDataProcessAuth) refers to aes.o(i.AESAuthLengthSet) for AESAuthLengthSet
    aes.o(i.AESDataProcessAuth) refers to aes.o(i.AESDataWrite) for AESDataWrite
    aes.o(i.AESDataProcessAuth) refers to aes.o(i.AESDataRead) for AESDataRead
    aes.o(i.AESDataProcessAuth) refers to aes.o(i.AESTagRead) for AESTagRead
    aes.o(i.AESIntRegister) refers to interrupt.o(i.IntRegister) for IntRegister
    aes.o(i.AESIntRegister) refers to interrupt.o(i.IntEnable) for IntEnable
    aes.o(i.AESIntUnregister) refers to interrupt.o(i.IntDisable) for IntDisable
    aes.o(i.AESIntUnregister) refers to interrupt.o(i.IntUnregister) for IntUnregister
    can.o(i.CANBitRateSet) refers to can.o(.constdata) for g_ui16CANBitValues
    can.o(i.CANIntRegister) refers to can.o(i._CANIntNumberGet) for _CANIntNumberGet
    can.o(i.CANIntRegister) refers to interrupt.o(i.IntRegister) for IntRegister
    can.o(i.CANIntRegister) refers to interrupt.o(i.IntEnable) for IntEnable
    can.o(i.CANIntUnregister) refers to can.o(i._CANIntNumberGet) for _CANIntNumberGet
    can.o(i.CANIntUnregister) refers to interrupt.o(i.IntDisable) for IntDisable
    can.o(i.CANIntUnregister) refers to interrupt.o(i.IntUnregister) for IntUnregister
    can.o(i.CANMessageGet) refers to can.o(i._CANDataRegRead) for _CANDataRegRead
    can.o(i.CANMessageSet) refers to can.o(i._CANDataRegWrite) for _CANDataRegWrite
    comp.o(i.ComparatorIntRegister) refers to interrupt.o(i.IntRegister) for IntRegister
    comp.o(i.ComparatorIntRegister) refers to interrupt.o(i.IntEnable) for IntEnable
    comp.o(i.ComparatorIntUnregister) refers to interrupt.o(i.IntDisable) for IntDisable
    comp.o(i.ComparatorIntUnregister) refers to interrupt.o(i.IntUnregister) for IntUnregister
    crc.o(i.CRCDataProcess) refers to crc.o(i.CRCResultRead) for CRCResultRead
    des.o(i.DESDataProcess) refers to des.o(i.DESDataWriteNonBlocking) for DESDataWriteNonBlocking
    des.o(i.DESDataProcess) refers to des.o(i.DESDataReadNonBlocking) for DESDataReadNonBlocking
    des.o(i.DESIntRegister) refers to interrupt.o(i.IntRegister) for IntRegister
    des.o(i.DESIntRegister) refers to interrupt.o(i.IntEnable) for IntEnable
    des.o(i.DESIntUnregister) refers to interrupt.o(i.IntDisable) for IntDisable
    des.o(i.DESIntUnregister) refers to interrupt.o(i.IntUnregister) for IntUnregister
    eeprom.o(i.EEPROMInit) refers to sysctl.o(.emb_text) for SysCtlDelay
    eeprom.o(i.EEPROMInit) refers to eeprom.o(i._EEPROMWaitForDone) for _EEPROMWaitForDone
    eeprom.o(i.EEPROMInit) refers to sysctl.o(i.SysCtlPeripheralReset) for SysCtlPeripheralReset
    eeprom.o(i.EEPROMIntClear) refers to eeprom.o(i._EEPROMSectorMaskClear) for _EEPROMSectorMaskClear
    eeprom.o(i.EEPROMMassErase) refers to eeprom.o(i._EEPROMSectorMaskClear) for _EEPROMSectorMaskClear
    eeprom.o(i.EEPROMMassErase) refers to eeprom.o(i._EEPROMWaitForDone) for _EEPROMWaitForDone
    eeprom.o(i.EEPROMMassErase) refers to sysctl.o(i.SysCtlPeripheralReset) for SysCtlPeripheralReset
    eeprom.o(i.EEPROMMassErase) refers to sysctl.o(.emb_text) for SysCtlDelay
    eeprom.o(i.EEPROMProgram) refers to eeprom.o(i._EEPROMSectorMaskSet) for _EEPROMSectorMaskSet
    eeprom.o(i.EEPROMProgram) refers to eeprom.o(i._EEPROMSectorMaskClear) for _EEPROMSectorMaskClear
    eeprom.o(i.EEPROMProgramNonBlocking) refers to eeprom.o(i._EEPROMSectorMaskSet) for _EEPROMSectorMaskSet
    eeprom.o(i._EEPROMSectorMaskClear) refers to sysctl.o(.emb_text) for SysCtlDelay
[...]
    icm20608.o(i.imu_calibration) refers to neeprom.o(.bss) for Trackless_Params
    icm20608.o(i.imu_calibration) refers to buzzer.o(.bss) for beep
    icm20608.o(i.imu_calibration_params_init) refers to neeprom.o(i.ReadFlashParameterOne) for ReadFlashParameterOne
    icm20608.o(i.imu_calibration_params_init) refers to icm20608.o(i.__ARM_isnanf) for __ARM_isnanf
    icm20608.o(i.imu_calibration_params_init) refers to sensor.o(.bss) for smartcar_imu
    npwm.o(i.PWM0_Init) refers to sysctl.o(i.SysCtlPWMClockSet) for SysCtlPWMClockSet
    npwm.o(i.PWM0_Init) refers to sysctl.o(i.SysCtlPeripheralEnable) for SysCtlPeripheralEnable
    npwm.o(i.PWM0_Init) refers to sysctl.o(.emb_text) for SysCtlDelay
    npwm.o(i.PWM0_Init) refers to gpio.o(i.GPIOPinConfigure) for GPIOPinConfigure
    npwm.o(i.PWM0_Init) refers to gpio.o(i.GPIOPinTypePWM) for GPIOPinTypePWM
    npwm.o(i.PWM0_Init) refers to pwm.o(i.PWMGenConfigure) for PWMGenConfigure
    npwm.o(i.PWM0_Init) refers to pwm.o(i.PWMGenPeriodSet) for PWMGenPeriodSet
    npwm.o(i.PWM0_Init) refers to pwm.o(i.PWMGenEnable) for PWMGenEnable
    npwm.o(i.PWM0_Init) refers to pwm.o(i.PWMOutputState) for PWMOutputState
    npwm.o(i.PWM0_Init) refers to npwm.o(.data) for period
    npwm.o(i.PWM1_Init) refers to sysctl.o(i.SysCtlPeripheralEnable) for SysCtlPeripheralEnable
    npwm.o(i.PWM1_Init) refers to sysctl.o(i.SysCtlPWMClockSet) for SysCtlPWMClockSet
    npwm.o(i.PWM1_Init) refers to sysctl.o(.emb_text) for SysCtlDelay
    npwm.o(i.PWM1_Init) refers to gpio.o(i.GPIOPinConfigure) for GPIOPinConfigure
    npwm.o(i.PWM1_Init) refers to gpio.o(i.GPIOPinTypePWM) for GPIOPinTypePWM
    npwm.o(i.PWM1_Init) refers to pwm.o(i.PWMGenConfigure) for PWMGenConfigure
    npwm.o(i.PWM1_Init) refers to pwm.o(i.PWMGenPeriodSet) for PWMGenPeriodSet
    npwm.o(i.PWM1_Init) refers to pwm.o(i.PWMGenEnable) for PWMGenEnable
    npwm.o(i.PWM1_Init) refers to pwm.o(i.PWMOutputState) for PWMOutputState
    npwm.o(i.PWM1_Init) refers to npwm.o(.data) for period
    npwm.o(i.PWM_Output) refers to pwm.o(i.PWMPulseWidthSet) for PWMPulseWidthSet
    npwm.o(i.steer_servo_pwm_m1p0) refers to dfltui.o(.text) for __aeabi_ui2d
    npwm.o(i.steer_servo_pwm_m1p0) refers to dmul.o(.text) for __aeabi_dmul
    npwm.o(i.steer_servo_pwm_m1p0) refers to dfixui.o(.text) for __aeabi_d2uiz
    npwm.o(i.steer_servo_pwm_m1p0) refers to pwm.o(i.PWMPulseWidthSet) for PWMPulseWidthSet
    npwm.o(i.steer_servo_pwm_m1p1) refers to dfltui.o(.text) for __aeabi_ui2d
    npwm.o(i.steer_servo_pwm_m1p1) refers to dmul.o(.text) for __aeabi_dmul
    npwm.o(i.steer_servo_pwm_m1p1) refers to dfixui.o(.text) for __aeabi_d2uiz
    npwm.o(i.steer_servo_pwm_m1p1) refers to pwm.o(i.PWMPulseWidthSet) for PWMPulseWidthSet
    npwm.o(i.steer_servo_pwm_m1p2) refers to dfltui.o(.text) for __aeabi_ui2d
    npwm.o(i.steer_servo_pwm_m1p2) refers to dmul.o(.text) for __aeabi_dmul
    npwm.o(i.steer_servo_pwm_m1p2) refers to dfixui.o(.text) for __aeabi_d2uiz
    npwm.o(i.steer_servo_pwm_m1p2) refers to pwm.o(i.PWMPulseWidthSet) for PWMPulseWidthSet
    npwm.o(i.steer_servo_pwm_m1p3) refers to dfltui.o(.text) for __aeabi_ui2d
    npwm.o(i.steer_servo_pwm_m1p3) refers to dmul.o(.text) for __aeabi_dmul
    npwm.o(i.steer_servo_pwm_m1p3) refers to dfixui.o(.text) for __aeabi_d2uiz
    npwm.o(i.steer_servo_pwm_m1p3) refers to pwm.o(i.PWMPulseWidthSet) for PWMPulseWidthSet
    nencoder.o(i.Encoder_Init) refers to sysctl.o(i.SysCtlPeripheralEnable) for SysCtlPeripheralEnable
    nencoder.o(i.Encoder_Init) refers to sysctl.o(i.SysCtlPeripheralReady) for SysCtlPeripheralReady
    nencoder.o(i.Encoder_Init) refers to gpio.o(i.GPIOPinConfigure) for GPIOPinConfigure
    nencoder.o(i.Encoder_Init) refers to gpio.o(i.GPIOPinTypeQEI) for GPIOPinTypeQEI
    nencoder.o(i.Encoder_Init) refers to gpio.o(i.GPIOPadConfigSet) for GPIOPadConfigSet
    nencoder.o(i.Encoder_Init) refers to qei.o(i.QEIConfigure) for QEIConfigure
    nencoder.o(i.Encoder_Init) refers to sysctl.o(i.SysCtlClockGet) for SysCtlClockGet
    nencoder.o(i.Encoder_Init) refers to qei.o(i.QEIVelocityConfigure) for QEIVelocityConfigure
    nencoder.o(i.Encoder_Init) refers to qei.o(i.QEIVelocityEnable) for QEIVelocityEnable
    nencoder.o(i.Encoder_Init) refers to qei.o(i.QEIEnable) for QEIEnable
    nencoder.o(i.Encoder_Init) refers to qei.o(i.QEIIntRegister) for QEIIntRegister
    nencoder.o(i.Encoder_Init) refers to qei.o(i.QEIIntEnable) for QEIIntEnable
    nencoder.o(i.Encoder_Init) refers to interrupt.o(i.IntEnable) for IntEnable
    nencoder.o(i.Encoder_Init) refers to nencoder.o(i.QEI1_IRQHandler) for QEI1_IRQHandler
    nencoder.o(i.Encoder_Init) refers to nencoder.o(i.QEI0_IRQHandler) for QEI0_IRQHandler
    nencoder.o(i.QEI0_IRQHandler) refers to system.o(i.get_systime) for get_systime
    nencoder.o(i.QEI0_IRQHandler) refers to qei.o(i.QEIIntClear) for QEIIntClear
    nencoder.o(i.QEI0_IRQHandler) refers to qei.o(i.QEIVelocityGet) for QEIVelocityGet
    nencoder.o(i.QEI0_IRQHandler) refers to qei.o(i.QEIDirectionGet) for QEIDirectionGet
    nencoder.o(i.QEI0_IRQHandler) refers to nencoder.o(.bss) for timer_qei0
    nencoder.o(i.QEI0_IRQHandler) refers to motor_control.o(.data) for trackless_motor
    nencoder.o(i.QEI1_IRQHandler) refers to system.o(i.get_systime) for get_systime
    nencoder.o(i.QEI1_IRQHandler) refers to qei.o(i.QEIIntClear) for QEIIntClear
    nencoder.o(i.QEI1_IRQHandler) refers to qei.o(i.QEIVelocityGet) for QEIVelocityGet
    nencoder.o(i.QEI1_IRQHandler) refers to qei.o(i.QEIDirectionGet) for QEIDirectionGet
    nencoder.o(i.QEI1_IRQHandler) refers to nencoder.o(.bss) for timer_qei1
    nencoder.o(i.QEI1_IRQHandler) refers to motor_control.o(.data) for trackless_motor
    nencoder.o(i.get_left_motor_speed) refers to nencoder.o(.bss) for NEncoder
    nencoder.o(i.get_left_motor_speed) refers to motor_control.o(.data) for trackless_motor
    nencoder.o(i.get_right_motor_speed) refers to nencoder.o(.bss) for NEncoder
    nencoder.o(i.get_right_motor_speed) refers to motor_control.o(.data) for trackless_motor
    nencoder.o(i.mPulse_Handler) refers to gpio.o(i.GPIOIntStatus) for GPIOIntStatus
    nencoder.o(i.mPulse_Handler) refers to gpio.o(i.GPIOIntClear) for GPIOIntClear
    nencoder.o(i.mPulse_Handler) refers to gpio.o(i.GPIOPinRead) for GPIOPinRead
    nencoder.o(i.mPulse_Handler) refers to nencoder.o(.bss) for NEncoder
    nencoder.o(i.mPulse_Handler) refers to motor_control.o(.data) for trackless_motor
    nencoder.o(i.motor_total_cnt_reset) refers to nencoder.o(.bss) for NEncoder
    nbutton.o(i.Button_Init) refers to sysctl.o(i.SysCtlPeripheralEnable) for SysCtlPeripheralEnable
    nbutton.o(i.Button_Init) refers to gpio.o(i.GPIODirModeSet) for GPIODirModeSet
    nbutton.o(i.Button_Init) refers to gpio.o(i.GPIOPadConfigSet) for GPIOPadConfigSet
    nbutton.o(i.Button_Init) refers to nbutton.o(.bss) for _button
    nbutton.o(i.Read_Button_State_One) refers to gpio.o(i.GPIOPinRead) for GPIOPinRead
    nbutton.o(i.Read_Button_State_One) refers to system.o(i.millis) for millis
    nbutton.o(i.Read_Button_State_One) refers to buzzer.o(.bss) for beep
    nbutton.o(i.read_button_state_all) refers to nbutton.o(i.Read_Button_State_One) for Read_Button_State_One
    nbutton.o(i.read_button_state_all) refers to nbutton.o(.bss) for _button
    nuart.o(i.UART2_Init) refers to sysctl.o(i.SysCtlPeripheralEnable) for SysCtlPeripheralEnable
    nuart.o(i.UART2_Init) refers to gpio.o(i.GPIOPinConfigure) for GPIOPinConfigure
    nuart.o(i.UART2_Init) refers to gpio.o(i.GPIOPinTypeUART) for GPIOPinTypeUART
    nuart.o(i.UART2_Init) refers to sysctl.o(i.SysCtlClockGet) for SysCtlClockGet
    nuart.o(i.UART2_Init) refers to uart.o(i.UARTConfigSetExpClk) for UARTConfigSetExpClk
    nuart.o(i.UART2_Init) refers to uart.o(i.UARTFIFODisable) for UARTFIFODisable
    nuart.o(i.UART2_Init) refers to uart.o(i.UARTIntEnable) for UARTIntEnable
    nuart.o(i.UART2_Init) refers to uart.o(i.UARTIntRegister) for UARTIntRegister
    nuart.o(i.UART2_Init) refers to interrupt.o(i.IntPrioritySet) for IntPrioritySet
    nuart.o(i.UART2_Init) refers to tm4c12x_it.o(i.UART2_IRQHandler) for UART2_IRQHandler
    nuart.o(i.UART3_Init) refers to sysctl.o(i.SysCtlPeripheralEnable) for SysCtlPeripheralEnable
    nuart.o(i.UART3_Init) refers to gpio.o(i.GPIOPinConfigure) for GPIOPinConfigure
    nuart.o(i.UART3_Init) refers to gpio.o(i.GPIOPinTypeUART) for GPIOPinTypeUART
    nuart.o(i.UART3_Init) refers to sysctl.o(i.SysCtlClockGet) for SysCtlClockGet
    nuart.o(i.UART3_Init) refers to uart.o(i.UARTConfigSetExpClk) for UARTConfigSetExpClk
    nuart.o(i.UART3_Init) refers to uart.o(i.UARTFIFODisable) for UARTFIFODisable
    nuart.o(i.UART3_Init) refers to uart.o(i.UARTIntEnable) for UARTIntEnable
    nuart.o(i.UART3_Init) refers to uart.o(i.UARTIntRegister) for UARTIntRegister
    nuart.o(i.UART3_Init) refers to interrupt.o(i.IntPrioritySet) for IntPrioritySet
    nuart.o(i.UART3_Init) refers to tm4c12x_it.o(i.UART3_IRQHandler) for UART3_IRQHandler
    nuart.o(i.UART5_Init) refers to sysctl.o(i.SysCtlPeripheralEnable) for SysCtlPeripheralEnable
    nuart.o(i.UART5_Init) refers to gpio.o(i.GPIOPinConfigure) for GPIOPinConfigure
    nuart.o(i.UART5_Init) refers to gpio.o(i.GPIOPinTypeUART) for GPIOPinTypeUART
    nuart.o(i.UART5_Init) refers to sysctl.o(i.SysCtlClockGet) for SysCtlClockGet
    nuart.o(i.UART5_Init) refers to uart.o(i.UARTConfigSetExpClk) for UARTConfigSetExpClk
    nuart.o(i.UART5_Init) refers to uart.o(i.UARTFIFODisable) for UARTFIFODisable
    nuart.o(i.UART5_Init) refers to uart.o(i.UARTIntEnable) for UARTIntEnable
    nuart.o(i.UART5_Init) refers to uart.o(i.UARTIntRegister) for UARTIntRegister
    nuart.o(i.UART5_Init) refers to interrupt.o(i.IntPrioritySet) for IntPrioritySet
    nuart.o(i.UART5_Init) refers to tm4c12x_it.o(i.UART5_IRQHandler) for UART5_IRQHandler
    nuart.o(i.UART7_Init) refers to sysctl.o(i.SysCtlPeripheralEnable) for SysCtlPeripheralEnable
    nuart.o(i.UART7_Init) refers to gpio.o(i.GPIOPinConfigure) for GPIOPinConfigure
    nuart.o(i.UART7_Init) refers to gpio.o(i.GPIOPinTypeUART) for GPIOPinTypeUART
    nuart.o(i.UART7_Init) refers to sysctl.o(i.SysCtlClockGet) for SysCtlClockGet
    nuart.o(i.UART7_Init) refers to uart.o(i.UARTConfigSetExpClk) for UARTConfigSetExpClk
    nuart.o(i.UART7_Init) refers to uart.o(i.UARTFIFODisable) for UARTFIFODisable
    nuart.o(i.UART7_Init) refers to uart.o(i.UARTIntEnable) for UARTIntEnable
    nuart.o(i.UART7_Init) refers to uart.o(i.UARTIntRegister) for UARTIntRegister
    nuart.o(i.UART7_Init) refers to interrupt.o(i.IntPrioritySet) for IntPrioritySet
    nuart.o(i.UART7_Init) refers to tm4c12x_it.o(i.UART7_IRQHandler) for UART7_IRQHandler
    nuart.o(i.UART_SendByte) refers to uart.o(i.UARTCharPut) for UARTCharPut
    nuart.o(i.UART_SendBytes) refers to uart.o(i.UARTCharPut) for UARTCharPut
    rgb.o(i.GPIO_ResetBits) refers to gpio.o(i.GPIOPinWrite) for GPIOPinWrite
    rgb.o(i.GPIO_SetBits) refers to gpio.o(i.GPIOPinWrite) for GPIOPinWrite
    rgb.o(i.bling_process) refers to gpio.o(i.GPIOPinWrite) for GPIOPinWrite
    rgb.o(i.bling_working) refers to rgb.o(i.bling_process) for bling_process
    rgb.o(i.bling_working) refers to gpio.o(i.GPIOPinWrite) for GPIOPinWrite
    rgb.o(i.bling_working) refers to rgb.o(.data) for light_blue
    rgb.o(i.rgb_init) refers to sysctl.o(i.SysCtlPeripheralEnable) for SysCtlPeripheralEnable
    rgb.o(i.rgb_init) refers to gpio.o(i.GPIOPinTypeGPIOOutput) for GPIOPinTypeGPIOOutput
    rgb.o(i.rgb_init) refers to gpio.o(i.GPIOPinWrite) for GPIOPinWrite
    rgb.o(i.rgb_start_bling) refers to rgb.o(i.bling_set) for bling_set
    rgb.o(i.rgb_start_bling) refers to rgb.o(.data) for light_red
    ultrasonic.o(i.hcsr04_init) refers to sysctl.o(i.SysCtlPeripheralEnable) for SysCtlPeripheralEnable
    ultrasonic.o(i.hcsr04_init) refers to gpio.o(i.GPIOIntRegister) for GPIOIntRegister
    ultrasonic.o(i.hcsr04_init) refers to gpio.o(i.GPIOPinTypeGPIOInput) for GPIOPinTypeGPIOInput
    ultrasonic.o(i.hcsr04_init) refers to gpio.o(i.GPIOPadConfigSet) for GPIOPadConfigSet
    ultrasonic.o(i.hcsr04_init) refers to gpio.o(i.GPIOIntTypeSet) for GPIOIntTypeSet
    ultrasonic.o(i.hcsr04_init) refers to gpio.o(i.GPIOIntDisable) for GPIOIntDisable
    ultrasonic.o(i.hcsr04_init) refers to interrupt.o(i.IntPrioritySet) for IntPrioritySet
    ultrasonic.o(i.hcsr04_init) refers to gpio.o(i.GPIOPinTypeGPIOOutput) for GPIOPinTypeGPIOOutput
    ultrasonic.o(i.hcsr04_init) refers to ultrasonic.o(i.nHCSR04_Handler) for nHCSR04_Handler
    ultrasonic.o(i.hcsr04_statemachine) refers to gpio.o(i.GPIOPinWrite) for GPIOPinWrite
    ultrasonic.o(i.hcsr04_statemachine) refers to system.o(i.delay_us) for delay_us
    ultrasonic.o(i.hcsr04_statemachine) refers to gpio.o(i.GPIOIntTypeSet) for GPIOIntTypeSet
    ultrasonic.o(i.hcsr04_statemachine) refers to gpio.o(i.GPIOIntEnable) for GPIOIntEnable
    ultrasonic.o(i.hcsr04_statemachine) refers to ultrasonic.o(.data) for cnt
    ultrasonic.o(i.hcsr04_statemachine) refers to ultrasonic.o(.bss) for rangefinder
    ultrasonic.o(i.nHCSR04_Handler) refers to gpio.o(i.GPIOIntClear) for GPIOIntClear
    ultrasonic.o(i.nHCSR04_Handler) refers to system.o(i.micros) for micros
    ultrasonic.o(i.nHCSR04_Handler) refers to gpio.o(i.GPIOIntTypeSet) for GPIOIntTypeSet
    ultrasonic.o(i.nHCSR04_Handler) refers to gpio.o(i.GPIOIntDisable) for GPIOIntDisable
    ultrasonic.o(i.nHCSR04_Handler) refers to ultrasonic.o(.bss) for rangefinder
    ultrasonic.o(i.rangefinder_init) refers to neeprom.o(i.ReadFlashParameterOne) for ReadFlashParameterOne
    ultrasonic.o(i.rangefinder_init) refers to ultrasonic.o(i.hcsr04_init) for hcsr04_init
    ultrasonic.o(i.rangefinder_init) refers to nuart.o(i.UART5_Init) for UART5_Init
    ultrasonic.o(i.rangefinder_init) refers to ultrasonic.o(.bss) for rangefinder
    ultrasonic.o(i.rangefinder_statemachine) refers to ultrasonic.o(i.hcsr04_statemachine) for hcsr04_statemachine
    ultrasonic.o(i.rangefinder_statemachine) refers to ultrasonic.o(i.us100_statemachine) for us100_statemachine
    ultrasonic.o(i.rangefinder_statemachine) refers to ultrasonic.o(.bss) for rangefinder
    ultrasonic.o(i.us100_get_temperature) refers to dflti.o(.text) for __aeabi_i2d
    ultrasonic.o(i.us100_get_temperature) refers to ddiv.o(.text) for __aeabi_ddiv
    ultrasonic.o(i.us100_get_temperature) refers to d2f.o(.text) for __aeabi_d2f
    ultrasonic.o(i.us100_start) refers to uart.o(i.UARTCharPut) for UARTCharPut
    ultrasonic.o(i.us100_statemachine) refers to ultrasonic.o(i.us100_get_distance) for us100_get_distance
    ultrasonic.o(i.us100_statemachine) refers to ultrasonic.o(i.us100_start) for us100_start
    ultrasonic.o(i.us100_statemachine) refers to ultrasonic.o(.data) for us100_cnt
    ultrasonic.o(i.us100_statemachine) refers to ultrasonic.o(.bss) for rangefinder
    startup_rvmdk.o(RESET) refers to startup_rvmdk.o(STACK) for StackMem
    startup_rvmdk.o(RESET) refers to ntimer.o(i.FaultISR) for FaultISR
    startup_rvmdk.o(RESET) refers to entry.o(.ARM.Collect$$$$00000000) for __main
    system.o(i.Delay_Ms) refers to system.o(i.delay) for delay
    system.o(i.Delay_Us) refers to system.o(i.delayMicroseconds) for delayMicroseconds
    system.o(i.SycTickHandler) refers to system.o(.data) for counter
    system.o(i.System_Init) refers to sysctl.o(i.SysCtlClockSet) for SysCtlClockSet
    system.o(i.System_Init) refers to fpu.o(i.FPUEnable) for FPUEnable
    system.o(i.System_Init) refers to fpu.o(i.FPULazyStackingEnable) for FPULazyStackingEnable
    system.o(i.System_Init) refers to system.o(i.Systick_Init) for Systick_Init
    system.o(i.System_Init) refers to interrupt.o(i.IntMasterEnable) for IntMasterEnable
    system.o(i.System_Init) refers to interrupt.o(i.IntPriorityGroupingSet) for IntPriorityGroupingSet
    system.o(i.Systick_Init) refers to sysctl.o(i.SysCtlClockGet) for SysCtlClockGet
    system.o(i.Systick_Init) refers to systick.o(i.SysTickPeriodSet) for SysTickPeriodSet
    system.o(i.Systick_Init) refers to systick.o(i.SysTickIntRegister) for SysTickIntRegister
    system.o(i.Systick_Init) refers to systick.o(i.SysTickIntEnable) for SysTickIntEnable
    system.o(i.Systick_Init) refers to systick.o(i.SysTickEnable) for SysTickEnable
    system.o(i.Systick_Init) refers to systick.o(i.SysTickPeriodGet) for SysTickPeriodGet
    system.o(i.Systick_Init) refers to system.o(.data) for systick_clk
    system.o(i.Systick_Init) refers to system.o(i.SycTickHandler) for SycTickHandler
    system.o(i.delay) refers to system.o(i.delayMicroseconds) for delayMicroseconds
    system.o(i.delayMicroseconds) refers to system.o(i.micros) for micros
    system.o(i.delay_ms) refers to system.o(i.Delay_Ms) for Delay_Ms
    system.o(i.delay_us) refers to system.o(i.delayMicroseconds) for delayMicroseconds
    system.o(i.get_systime) refers to system.o(i.micros) for micros
    system.o(i.micros) refers to systick.o(i.SysTickValueGet) for SysTickValueGet
    system.o(i.micros) refers to system.o(.data) for systick_cnt
    system.o(i.millis) refers to system.o(i.micros) for micros
    main.o(i.duty_1000hz) refers to sensor.o(i.simulation_pwm_output) for simulation_pwm_output
    main.o(i.duty_200hz) refers to sensor.o(i.get_wheel_speed) for get_wheel_speed
    main.o(i.duty_200hz) refers to develop_mode.o(i.sdk_duty_run) for sdk_duty_run
    main.o(i.duty_200hz) refers to motor_control.o(i.nmotor_output) for nmotor_output
    main.o(i.duty_200hz) refers to nadc.o(i.adc_sample_trigger) for adc_sample_trigger
    main.o(i.duty_200hz) refers to sensor.o(i.imu_data_sampling) for imu_data_sampling
    main.o(i.duty_200hz) refers to sensor.o(i.trackless_ahrs_update) for trackless_ahrs_update
    main.o(i.duty_200hz) refers to sensor.o(i.imu_temperature_ctrl) for imu_temperature_ctrl
    main.o(i.duty_200hz) refers to nbutton.o(i.read_button_state_all) for read_button_state_all
    main.o(i.duty_200hz) refers to nadc.o(i.battery_voltage_detection) for battery_voltage_detection
    main.o(i.duty_200hz) refers to rgb.o(i.bling_working) for bling_working
    main.o(i.duty_200hz) refers to buzzer.o(i.laser_light_work) for laser_light_work
    main.o(i.duty_200hz) refers to motor_control.o(.data) for speed_ctrl_mode
    main.o(i.duty_200hz) refers to buzzer.o(.bss) for beep
    main.o(i.main) refers to system.o(i.System_Init) for System_Init
    main.o(i.main) refers to neeprom.o(i.EEPROM_Init) for EEPROM_Init
    main.o(i.main) refers to oled.o(i.OLED_Init) for OLED_Init
    main.o(i.main) refers to nadc.o(i.ADC_Init) for ADC_Init
    main.o(i.main) refers to ni2c.o(i.I2C1_Init) for I2C1_Init
    main.o(i.main) refers to rgb.o(i.rgb_init) for rgb_init
    main.o(i.main) refers to buzzer.o(i.Buzzer_Init) for Buzzer_Init
    main.o(i.main) refers to sdk.o(i.ctrl_params_init) for ctrl_params_init
    main.o(i.main) refers to sdk.o(i.trackless_params_init) for trackless_params_init
    main.o(i.main) refers to npwm.o(i.PWM0_Init) for PWM0_Init
    main.o(i.main) refers to npwm.o(i.PWM1_Init) for PWM1_Init
    main.o(i.main) refers to ultrasonic.o(i.rangefinder_init) for rangefinder_init
    main.o(i.main) refers to nuart.o(i.UART3_Init) for UART3_Init
    main.o(i.main) refers to nuart.o(i.UART7_Init) for UART7_Init
    main.o(i.main) refers to sensor.o(i.simulation_pwm_init) for simulation_pwm_init
    main.o(i.main) refers to icm20608.o(i.ICM206xx_Init) for ICM206xx_Init
    main.o(i.main) refers to nencoder.o(i.Encoder_Init) for Encoder_Init
    main.o(i.main) refers to nbutton.o(i.Button_Init) for Button_Init
    main.o(i.main) refers to ntimer.o(i.NTimer_Init) for NTimer_Init
    main.o(i.main) refers to vision.o(i.SDK_DT_Send_Check) for SDK_DT_Send_Check
    main.o(i.main) refers to ui.o(i.screen_display) for screen_display
    main.o(i.main) refers to ui.o(.data) for page_number
    main.o(i.main) refers to develop_mode.o(.data) for sdk_work_mode
    tm4c12x_it.o(i.UART0_IRQHandler) refers to uart.o(i.UARTIntStatus) for UARTIntStatus
    tm4c12x_it.o(i.UART0_IRQHandler) refers to uart.o(i.UARTIntClear) for UARTIntClear
    tm4c12x_it.o(i.UART0_IRQHandler) refers to uart.o(i.UARTCharGet) for UARTCharGet
    tm4c12x_it.o(i.UART0_IRQHandler) refers to uart.o(i.UARTCharPut) for UARTCharPut
    tm4c12x_it.o(i.UART0_IRQHandler) refers to uart.o(i.UARTCharsAvail) for UARTCharsAvail
    tm4c12x_it.o(i.UART1_IRQHandler) refers to uart.o(i.UARTIntStatus) for UARTIntStatus
    tm4c12x_it.o(i.UART1_IRQHandler) refers to uart.o(i.UARTIntClear) for UARTIntClear
    tm4c12x_it.o(i.UART1_IRQHandler) refers to uart.o(i.UARTCharGet) for UARTCharGet
    tm4c12x_it.o(i.UART1_IRQHandler) refers to uart.o(i.UARTCharPut) for UARTCharPut
    tm4c12x_it.o(i.UART1_IRQHandler) refers to uart.o(i.UARTCharsAvail) for UARTCharsAvail
    tm4c12x_it.o(i.UART2_IRQHandler) refers to uart.o(i.UARTIntStatus) for UARTIntStatus
    tm4c12x_it.o(i.UART2_IRQHandler) refers to uart.o(i.UARTIntClear) for UARTIntClear
    tm4c12x_it.o(i.UART2_IRQHandler) refers to uart.o(i.UARTCharGet) for UARTCharGet
    tm4c12x_it.o(i.UART2_IRQHandler) refers to uart.o(i.UARTCharPut) for UARTCharPut
    tm4c12x_it.o(i.UART2_IRQHandler) refers to uart.o(i.UARTCharsAvail) for UARTCharsAvail
    tm4c12x_it.o(i.UART3_IRQHandler) refers to uart.o(i.UARTIntStatus) for UARTIntStatus
    tm4c12x_it.o(i.UART3_IRQHandler) refers to uart.o(i.UARTIntClear) for UARTIntClear
    tm4c12x_it.o(i.UART3_IRQHandler) refers to uart.o(i.UARTCharGet) for UARTCharGet
    tm4c12x_it.o(i.UART3_IRQHandler) refers to raspi_undercontrol.o(i.Raspi_Data_Phrase_Prepare_Lite) for Raspi_Data_Phrase_Prepare_Lite
    tm4c12x_it.o(i.UART3_IRQHandler) refers to uart.o(i.UARTCharsAvail) for UARTCharsAvail
    tm4c12x_it.o(i.UART5_IRQHandler) refers to uart.o(i.UARTIntStatus) for UARTIntStatus
    tm4c12x_it.o(i.UART5_IRQHandler) refers to uart.o(i.UARTIntClear) for UARTIntClear
    tm4c12x_it.o(i.UART5_IRQHandler) refers to uart.o(i.UARTCharGet) for UARTCharGet
    tm4c12x_it.o(i.UART5_IRQHandler) refers to uart.o(i.UARTCharsAvail) for UARTCharsAvail
    tm4c12x_it.o(i.UART5_IRQHandler) refers to ultrasonic.o(.data) for com5_rx_cnt
    tm4c12x_it.o(i.UART7_IRQHandler) refers to uart.o(i.UARTIntStatus) for UARTIntStatus
    tm4c12x_it.o(i.UART7_IRQHandler) refers to uart.o(i.UARTIntClear) for UARTIntClear
    tm4c12x_it.o(i.UART7_IRQHandler) refers to uart.o(i.UARTCharGet) for UARTCharGet
    tm4c12x_it.o(i.UART7_IRQHandler) refers to vision.o(i.SDK_Data_Receive_Prepare_1) for SDK_Data_Receive_Prepare_1
    tm4c12x_it.o(i.UART7_IRQHandler) refers to uart.o(i.UARTCharsAvail) for UARTCharsAvail
    uartstdio.o(i.UARTStdioConfig) refers to uartstdio.o(.constdata) for g_ui32UARTPeriph
    uartstdio.o(i.UARTStdioConfig) refers to uartstdio.o(.data) for g_ui32Base
    uartstdio.o(i.UARTgetc) refers to uartstdio.o(.data) for g_ui32Base
    uartstdio.o(i.UARTgets) refers to uartstdio.o(i.UARTwrite) for UARTwrite
    uartstdio.o(i.UARTgets) refers to uartstdio.o(.data) for g_ui32Base
    uartstdio.o(i.UARTprintf) refers to uartstdio.o(i.UARTvprintf) for UARTvprintf
    uartstdio.o(i.UARTvprintf) refers to uartstdio.o(i.UARTwrite) for UARTwrite
    uartstdio.o(i.UARTvprintf) refers to uartstdio.o(.constdata) for g_pcHex
    uartstdio.o(i.UARTwrite) refers to uartstdio.o(.data) for g_ui32Base
    uartstdio.o(.constdata) refers to uartstdio.o(.conststring) for .conststring
    asinf.o(i.__hardfp_asinf) refers (Special) to iusefp.o(.text) for __I$use$fp
    asinf.o(i.__hardfp_asinf) refers to sqrtf.o(i.sqrtf) for sqrtf
    asinf.o(i.__hardfp_asinf) refers to fpclassifyf.o(i.__ARM_fpclassifyf) for __ARM_fpclassifyf
    asinf.o(i.__hardfp_asinf) refers to funder.o(i.__mathlib_flt_underflow) for __mathlib_flt_underflow
    asinf.o(i.__hardfp_asinf) refers to funder.o(i.__mathlib_flt_infnan) for __mathlib_flt_infnan
    asinf.o(i.__hardfp_asinf) refers to errno.o(i.__set_errno) for __set_errno
    asinf.o(i.__hardfp_asinf) refers to funder.o(i.__mathlib_flt_invalid) for __mathlib_flt_invalid
    asinf.o(i.__softfp_asinf) refers (Special) to iusefp.o(.text) for __I$use$fp
    asinf.o(i.__softfp_asinf) refers to asinf.o(i.__hardfp_asinf) for __hardfp_asinf
    asinf.o(i.asinf) refers (Special) to iusefp.o(.text) for __I$use$fp
    asinf.o(i.asinf) refers to asinf.o(i.__hardfp_asinf) for __hardfp_asinf
    asinf_x.o(i.____hardfp_asinf$lsc) refers (Special) to iusefp.o(.text) for __I$use$fp
    asinf_x.o(i.____hardfp_asinf$lsc) refers to sqrtf.o(i.sqrtf) for sqrtf
    asinf_x.o(i.____hardfp_asinf$lsc) refers to funder.o(i.__mathlib_flt_infnan) for __mathlib_flt_infnan
    asinf_x.o(i.____hardfp_asinf$lsc) refers to errno.o(i.__set_errno) for __set_errno
    asinf_x.o(i.____softfp_asinf$lsc) refers (Special) to iusefp.o(.text) for __I$use$fp
    asinf_x.o(i.____softfp_asinf$lsc) refers to asinf_x.o(i.____hardfp_asinf$lsc) for ____hardfp_asinf$lsc
    asinf_x.o(i.__asinf$lsc) refers (Special) to iusefp.o(.text) for __I$use$fp
    asinf_x.o(i.__asinf$lsc) refers to asinf_x.o(i.____hardfp_asinf$lsc) for ____hardfp_asinf$lsc
    atan.o(i.__hardfp_atan) refers (Special) to iusefp.o(.text) for __I$use$fp
    atan.o(i.__hardfp_atan) refers to dunder.o(i.__mathlib_dbl_infnan) for __mathlib_dbl_infnan
    atan.o(i.__hardfp_atan) refers to fpclassify.o(i.__ARM_fpclassify) for __ARM_fpclassify
    atan.o(i.__hardfp_atan) refers to dunder.o(i.__mathlib_dbl_underflow) for __mathlib_dbl_underflow
    atan.o(i.__hardfp_atan) refers to fabs.o(i.fabs) for fabs
    atan.o(i.__hardfp_atan) refers to dadd.o(.text) for __aeabi_dadd
    atan.o(i.__hardfp_atan) refers to dmul.o(.text) for __aeabi_dmul
    atan.o(i.__hardfp_atan) refers to ddiv.o(.text) for __aeabi_ddiv
    atan.o(i.__hardfp_atan) refers to poly.o(i.__kernel_poly) for __kernel_poly
    atan.o(i.__hardfp_atan) refers to atan.o(.constdata) for .constdata
    atan.o(i.__softfp_atan) refers (Special) to iusefp.o(.text) for __I$use$fp
    atan.o(i.__softfp_atan) refers to atan.o(i.__hardfp_atan) for __hardfp_atan
    atan.o(i.atan) refers (Special) to iusefp.o(.text) for __I$use$fp
    atan.o(i.atan) refers to atan.o(i.__hardfp_atan) for __hardfp_atan
    atan.o(.constdata) refers (Special) to iusefp.o(.text) for __I$use$fp
    atan_x.o(i.____hardfp_atan$lsc) refers (Special) to iusefp.o(.text) for __I$use$fp
    atan_x.o(i.____hardfp_atan$lsc) refers to dunder.o(i.__mathlib_dbl_infnan) for __mathlib_dbl_infnan
    atan_x.o(i.____hardfp_atan$lsc) refers to fabs.o(i.fabs) for fabs
    atan_x.o(i.____hardfp_atan$lsc) refers to dadd.o(.text) for __aeabi_dadd
    atan_x.o(i.____hardfp_atan$lsc) refers to dmul.o(.text) for __aeabi_dmul
    atan_x.o(i.____hardfp_atan$lsc) refers to ddiv.o(.text) for __aeabi_ddiv
    atan_x.o(i.____hardfp_atan$lsc) refers to poly.o(i.__kernel_poly) for __kernel_poly
    atan_x.o(i.____hardfp_atan$lsc) refers to atan_x.o(.constdata) for .constdata
    atan_x.o(i.____softfp_atan$lsc) refers (Special) to iusefp.o(.text) for __I$use$fp
    atan_x.o(i.____softfp_atan$lsc) refers to atan_x.o(i.____hardfp_atan$lsc) for ____hardfp_atan$lsc
    atan_x.o(i.__atan$lsc) refers (Special) to iusefp.o(.text) for __I$use$fp
    atan_x.o(i.__atan$lsc) refers to atan_x.o(i.____hardfp_atan$lsc) for ____hardfp_atan$lsc
    atan_x.o(.constdata) refers (Special) to iusefp.o(.text) for __I$use$fp
    atan2f.o(i.__hardfp_atan2f) refers (Special) to iusefp.o(.text) for __I$use$fp
    atan2f.o(i.__hardfp_atan2f) refers to fpclassifyf.o(i.__ARM_fpclassifyf) for __ARM_fpclassifyf
    atan2f.o(i.__hardfp_atan2f) refers to funder.o(i.__mathlib_flt_underflow) for __mathlib_flt_underflow
    atan2f.o(i.__hardfp_atan2f) refers to funder.o(i.__mathlib_flt_infnan2) for __mathlib_flt_infnan2
    atan2f.o(i.__softfp_atan2f) refers (Special) to iusefp.o(.text) for __I$use$fp
    atan2f.o(i.__softfp_atan2f) refers to atan2f.o(i.__hardfp_atan2f) for __hardfp_atan2f
    atan2f.o(i.atan2f) refers (Special) to iusefp.o(.text) for __I$use$fp
    atan2f.o(i.atan2f) refers to atan2f.o(i.__hardfp_atan2f) for __hardfp_atan2f
    atan2f_x.o(i.____hardfp_atan2f$lsc) refers (Special) to iusefp.o(.text) for __I$use$fp
    atan2f_x.o(i.____hardfp_atan2f$lsc) refers to funder.o(i.__mathlib_flt_infnan2) for __mathlib_flt_infnan2
    atan2f_x.o(i.____hardfp_atan2f$lsc) refers to errno.o(i.__set_errno) for __set_errno
    atan2f_x.o(i.____softfp_atan2f$lsc) refers (Special) to iusefp.o(.text) for __I$use$fp
    atan2f_x.o(i.____softfp_atan2f$lsc) refers to atan2f_x.o(i.____hardfp_atan2f$lsc) for ____hardfp_atan2f$lsc
    atan2f_x.o(i.__atan2f$lsc) refers (Special) to iusefp.o(.text) for __I$use$fp
    atan2f_x.o(i.__atan2f$lsc) refers to atan2f_x.o(i.____hardfp_atan2f$lsc) for ____hardfp_atan2f$lsc
    atanf.o(i.__hardfp_atanf) refers (Special) to iusefp.o(.text) for __I$use$fp
    atanf.o(i.__hardfp_atanf) refers to fpclassifyf.o(i.__ARM_fpclassifyf) for __ARM_fpclassifyf
    atanf.o(i.__hardfp_atanf) refers to funder.o(i.__mathlib_flt_underflow) for __mathlib_flt_underflow
    atanf.o(i.__hardfp_atanf) refers to funder.o(i.__mathlib_flt_infnan) for __mathlib_flt_infnan
    atanf.o(i.__softfp_atanf) refers (Special) to iusefp.o(.text) for __I$use$fp
    atanf.o(i.__softfp_atanf) refers to atanf.o(i.__hardfp_atanf) for __hardfp_atanf
    atanf.o(i.atanf) refers (Special) to iusefp.o(.text) for __I$use$fp
    atanf.o(i.atanf) refers to atanf.o(i.__hardfp_atanf) for __hardfp_atanf
    atanf_x.o(i.____hardfp_atanf$lsc) refers (Special) to iusefp.o(.text) for __I$use$fp
    atanf_x.o(i.____hardfp_atanf$lsc) refers to funder.o(i.__mathlib_flt_infnan) for __mathlib_flt_infnan
    atanf_x.o(i.____softfp_atanf$lsc) refers (Special) to iusefp.o(.text) for __I$use$fp
    atanf_x.o(i.____softfp_atanf$lsc) refers to atanf_x.o(i.____hardfp_atanf$lsc) for ____hardfp_atanf$lsc
    atanf_x.o(i.__atanf$lsc) refers (Special) to iusefp.o(.text) for __I$use$fp
    atanf_x.o(i.__atanf$lsc) refers to atanf_x.o(i.____hardfp_atanf$lsc) for ____hardfp_atanf$lsc
    cosf.o(i.__hardfp_cosf) refers (Special) to iusefp.o(.text) for __I$use$fp
    cosf.o(i.__hardfp_cosf) refers to rredf.o(i.__mathlib_rredf2) for __mathlib_rredf2
    cosf.o(i.__hardfp_cosf) refers to errno.o(i.__set_errno) for __set_errno
    cosf.o(i.__hardfp_cosf) refers to funder.o(i.__mathlib_flt_invalid) for __mathlib_flt_invalid
    cosf.o(i.__hardfp_cosf) refers to funder.o(i.__mathlib_flt_infnan) for __mathlib_flt_infnan
    cosf.o(i.__softfp_cosf) refers (Special) to iusefp.o(.text) for __I$use$fp
    cosf.o(i.__softfp_cosf) refers to cosf.o(i.__hardfp_cosf) for __hardfp_cosf
    cosf.o(i.cosf) refers (Special) to iusefp.o(.text) for __I$use$fp
    cosf.o(i.cosf) refers to cosf.o(i.__hardfp_cosf) for __hardfp_cosf
    cosf_x.o(i.____hardfp_cosf$lsc) refers (Special) to iusefp.o(.text) for __I$use$fp
    cosf_x.o(i.____hardfp_cosf$lsc) refers to rredf.o(i.__mathlib_rredf2) for __mathlib_rredf2
    cosf_x.o(i.____hardfp_cosf$lsc) refers to errno.o(i.__set_errno) for __set_errno
    cosf_x.o(i.____hardfp_cosf$lsc) refers to funder.o(i.__mathlib_flt_infnan) for __mathlib_flt_infnan
    cosf_x.o(i.____softfp_cosf$lsc) refers (Special) to iusefp.o(.text) for __I$use$fp
    cosf_x.o(i.____softfp_cosf$lsc) refers to cosf_x.o(i.____hardfp_cosf$lsc) for ____hardfp_cosf$lsc
    cosf_x.o(i.__cosf$lsc) refers (Special) to iusefp.o(.text) for __I$use$fp
    cosf_x.o(i.__cosf$lsc) refers to cosf_x.o(i.____hardfp_cosf$lsc) for ____hardfp_cosf$lsc
    fabs.o(i.__hardfp_fabs) refers (Special) to iusefp.o(.text) for __I$use$fp
    fabs.o(i.__softfp_fabs) refers (Special) to iusefp.o(.text) for __I$use$fp
    fabs.o(i.fabs) refers (Special) to iusefp.o(.text) for __I$use$fp
    powf.o(i.__hardfp_powf) refers (Special) to iusefp.o(.text) for __I$use$fp
    powf.o(i.__hardfp_powf) refers to fpstat.o(.text) for __ieee_status
    powf.o(i.__hardfp_powf) refers to errno.o(i.__set_errno) for __set_errno
    powf.o(i.__hardfp_powf) refers to funder.o(i.__mathlib_flt_overflow) for __mathlib_flt_overflow
    powf.o(i.__hardfp_powf) refers to fpclassifyf.o(i.__ARM_fpclassifyf) for __ARM_fpclassifyf
    powf.o(i.__hardfp_powf) refers to funder.o(i.__mathlib_flt_underflow) for __mathlib_flt_underflow
    powf.o(i.__hardfp_powf) refers to funder.o(i.__mathlib_flt_invalid) for __mathlib_flt_invalid
    powf.o(i.__hardfp_powf) refers to powf.o(.constdata) for .constdata
    powf.o(i.__hardfp_powf) refers to funder.o(i.__mathlib_flt_infnan2) for __mathlib_flt_infnan2
    powf.o(i.__hardfp_powf) refers to funder.o(i.__mathlib_flt_divzero) for __mathlib_flt_divzero
    powf.o(i.__softfp_powf) refers (Special) to iusefp.o(.text) for __I$use$fp
    powf.o(i.__softfp_powf) refers to powf.o(i.__hardfp_powf) for __hardfp_powf
    powf.o(i.powf) refers (Special) to iusefp.o(.text) for __I$use$fp
    powf.o(i.powf) refers to powf.o(i.__hardfp_powf) for __hardfp_powf
    powf.o(.constdata) refers (Special) to iusefp.o(.text) for __I$use$fp
    powf_x.o(i.____hardfp_powf$lsc) refers (Special) to iusefp.o(.text) for __I$use$fp
    powf_x.o(i.____hardfp_powf$lsc) refers to fpstat.o(.text) for __ieee_status
    powf_x.o(i.____hardfp_powf$lsc) refers to errno.o(i.__set_errno) for __set_errno
    powf_x.o(i.____hardfp_powf$lsc) refers to powf_x.o(.constdata) for .constdata
    powf_x.o(i.____hardfp_powf$lsc) refers to funder.o(i.__mathlib_flt_infnan2) for __mathlib_flt_infnan2
    powf_x.o(i.____softfp_powf$lsc) refers (Special) to iusefp.o(.text) for __I$use$fp
    powf_x.o(i.____softfp_powf$lsc) refers to powf_x.o(i.____hardfp_powf$lsc) for ____hardfp_powf$lsc
    powf_x.o(i.__powf$lsc) refers (Special) to iusefp.o(.text) for __I$use$fp
    powf_x.o(i.__powf$lsc) refers to powf_x.o(i.____hardfp_powf$lsc) for ____hardfp_powf$lsc
    powf_x.o(.constdata) refers (Special) to iusefp.o(.text) for __I$use$fp
    sinf.o(i.__hardfp_sinf) refers (Special) to iusefp.o(.text) for __I$use$fp
    sinf.o(i.__hardfp_sinf) refers to rredf.o(i.__mathlib_rredf2) for __mathlib_rredf2
    sinf.o(i.__hardfp_sinf) refers to fpclassifyf.o(i.__ARM_fpclassifyf) for __ARM_fpclassifyf
    sinf.o(i.__hardfp_sinf) refers to funder.o(i.__mathlib_flt_underflow) for __mathlib_flt_underflow
    sinf.o(i.__hardfp_sinf) refers to errno.o(i.__set_errno) for __set_errno
    sinf.o(i.__hardfp_sinf) refers to funder.o(i.__mathlib_flt_invalid) for __mathlib_flt_invalid
    sinf.o(i.__hardfp_sinf) refers to funder.o(i.__mathlib_flt_infnan) for __mathlib_flt_infnan
    sinf.o(i.__softfp_sinf) refers (Special) to iusefp.o(.text) for __I$use$fp
    sinf.o(i.__softfp_sinf) refers to sinf.o(i.__hardfp_sinf) for __hardfp_sinf
    sinf.o(i.sinf) refers (Special) to iusefp.o(.text) for __I$use$fp
    sinf.o(i.sinf) refers to sinf.o(i.__hardfp_sinf) for __hardfp_sinf
    sinf_x.o(i.____hardfp_sinf$lsc) refers (Special) to iusefp.o(.text) for __I$use$fp
    sinf_x.o(i.____hardfp_sinf$lsc) refers to rredf.o(i.__mathlib_rredf2) for __mathlib_rredf2
    sinf_x.o(i.____hardfp_sinf$lsc) refers to errno.o(i.__set_errno) for __set_errno
    sinf_x.o(i.____hardfp_sinf$lsc) refers to funder.o(i.__mathlib_flt_infnan) for __mathlib_flt_infnan
    sinf_x.o(i.____softfp_sinf$lsc) refers (Special) to iusefp.o(.text) for __I$use$fp
    sinf_x.o(i.____softfp_sinf$lsc) refers to sinf_x.o(i.____hardfp_sinf$lsc) for ____hardfp_sinf$lsc
    sinf_x.o(i.__sinf$lsc) refers (Special) to iusefp.o(.text) for __I$use$fp
    sinf_x.o(i.__sinf$lsc) refers to sinf_x.o(i.____hardfp_sinf$lsc) for ____hardfp_sinf$lsc
    sqrtf.o(i.__hardfp_sqrtf) refers (Special) to iusefp.o(.text) for __I$use$fp
    sqrtf.o(i.__hardfp_sqrtf) refers to errno.o(i.__set_errno) for __set_errno
    sqrtf.o(i.__softfp_sqrtf) refers (Special) to iusefp.o(.text) for __I$use$fp
    sqrtf.o(i.__softfp_sqrtf) refers to errno.o(i.__set_errno) for __set_errno
    sqrtf.o(i.sqrtf) refers (Special) to iusefp.o(.text) for __I$use$fp
    sqrtf.o(i.sqrtf) refers to errno.o(i.__set_errno) for __set_errno
    sqrtf_x.o(i.____hardfp_sqrtf$lsc) refers (Special) to iusefp.o(.text) for __I$use$fp
    sqrtf_x.o(i.____hardfp_sqrtf$lsc) refers to errno.o(i.__set_errno) for __set_errno
    sqrtf_x.o(i.____softfp_sqrtf$lsc) refers (Special) to iusefp.o(.text) for __I$use$fp
    sqrtf_x.o(i.____softfp_sqrtf$lsc) refers to errno.o(i.__set_errno) for __set_errno
    sqrtf_x.o(i.__sqrtf$lsc) refers (Special) to iusefp.o(.text) for __I$use$fp
    sqrtf_x.o(i.__sqrtf$lsc) refers to errno.o(i.__set_errno) for __set_errno
    tanf.o(i.__hardfp_tanf) refers (Special) to iusefp.o(.text) for __I$use$fp
    tanf.o(i.__hardfp_tanf) refers to rredf.o(i.__mathlib_rredf2) for __mathlib_rredf2
    tanf.o(i.__hardfp_tanf) refers to fpclassifyf.o(i.__ARM_fpclassifyf) for __ARM_fpclassifyf
    tanf.o(i.__hardfp_tanf) refers to funder.o(i.__mathlib_flt_underflow) for __mathlib_flt_underflow
    tanf.o(i.__hardfp_tanf) refers to errno.o(i.__set_errno) for __set_errno
    tanf.o(i.__hardfp_tanf) refers to funder.o(i.__mathlib_flt_invalid) for __mathlib_flt_invalid
    tanf.o(i.__hardfp_tanf) refers to funder.o(i.__mathlib_flt_infnan) for __mathlib_flt_infnan
    tanf.o(i.__softfp_tanf) refers (Special) to iusefp.o(.text) for __I$use$fp
    tanf.o(i.__softfp_tanf) refers to tanf.o(i.__hardfp_tanf) for __hardfp_tanf
    tanf.o(i.tanf) refers (Special) to iusefp.o(.text) for __I$use$fp
    tanf.o(i.tanf) refers to tanf.o(i.__hardfp_tanf) for __hardfp_tanf
    tanf_x.o(i.____hardfp_tanf$lsc) refers (Special) to iusefp.o(.text) for __I$use$fp
    tanf_x.o(i.____hardfp_tanf$lsc) refers to rredf.o(i.__mathlib_rredf2) for __mathlib_rredf2
    tanf_x.o(i.____hardfp_tanf$lsc) refers to errno.o(i.__set_errno) for __set_errno
    tanf_x.o(i.____hardfp_tanf$lsc) refers to funder.o(i.__mathlib_flt_infnan) for __mathlib_flt_infnan
    tanf_x.o(i.____softfp_tanf$lsc) refers (Special) to iusefp.o(.text) for __I$use$fp
    tanf_x.o(i.____softfp_tanf$lsc) refers to tanf_x.o(i.____hardfp_tanf$lsc) for ____hardfp_tanf$lsc
    tanf_x.o(i.__tanf$lsc) refers (Special) to iusefp.o(.text) for __I$use$fp
    tanf_x.o(i.__tanf$lsc) refers to tanf_x.o(i.____hardfp_tanf$lsc) for ____hardfp_tanf$lsc
    entry.o(.ARM.Collect$$$$00000000) refers (Special) to entry10a.o(.ARM.Collect$$$$0000000D) for __rt_final_cpp
    entry.o(.ARM.Collect$$$$00000000) refers (Special) to entry11a.o(.ARM.Collect$$$$0000000F) for __rt_final_exit
    entry.o(.ARM.Collect$$$$00000000) refers (Special) to entry7b.o(.ARM.Collect$$$$00000008) for _main_clock
    entry.o(.ARM.Collect$$$$00000000) refers (Special) to entry8b.o(.ARM.Collect$$$$0000000A) for _main_cpp_init
    entry.o(.ARM.Collect$$$$00000000) refers (Special) to entry9a.o(.ARM.Collect$$$$0000000B) for _main_init
    entry.o(.ARM.Collect$$$$00000000) refers (Special) to entry5.o(.ARM.Collect$$$$00000004) for _main_scatterload
    entry.o(.ARM.Collect$$$$00000000) refers (Special) to entry2.o(.ARM.Collect$$$$00000001) for _main_stk
    dadd.o(.text) refers (Special) to iusefp.o(.text) for __I$use$fp
    dadd.o(.text) refers to llshl.o(.text) for __aeabi_llsl
    dadd.o(.text) refers to llsshr.o(.text) for __aeabi_lasr
    dadd.o(.text) refers to depilogue.o(.text) for _double_epilogue
    dmul.o(.text) refers (Special) to iusefp.o(.text) for __I$use$fp
    dmul.o(.text) refers to depilogue.o(.text) for _double_epilogue
    ddiv.o(.text) refers (Special) to iusefp.o(.text) for __I$use$fp
    ddiv.o(.text) refers to depilogue.o(.text) for _double_round
    dflti.o(.text) refers (Special) to iusefp.o(.text) for __I$use$fp
    dflti.o(.text) refers to depilogue.o(.text) for _double_epilogue
    dfltui.o(.text) refers (Special) to iusefp.o(.text) for __I$use$fp
    dfltui.o(.text) refers to depilogue.o(.text) for _double_epilogue
    dfixui.o(.text) refers (Special) to iusefp.o(.text) for __I$use$fp
    dfixui.o(.text) refers to llushr.o(.text) for __aeabi_llsr
    f2d.o(.text) refers (Special) to iusefp.o(.text) for __I$use$fp
    cdrcmple.o(.text) refers (Special) to iusefp.o(.text) for __I$use$fp
    d2f.o(.text) refers (Special) to iusefp.o(.text) for __I$use$fp
    d2f.o(.text) refers to fepilogue.o(.text) for _float_round
    dunder.o(i.__mathlib_dbl_divzero) refers to ddiv.o(.text) for __aeabi_ddiv
    dunder.o(i.__mathlib_dbl_infnan) refers to dadd.o(.text) for __aeabi_dadd
    dunder.o(i.__mathlib_dbl_infnan2) refers to dadd.o(.text) for __aeabi_dadd
    dunder.o(i.__mathlib_dbl_invalid) refers to ddiv.o(.text) for __aeabi_ddiv
    dunder.o(i.__mathlib_dbl_overflow) refers to dmul.o(.text) for __aeabi_dmul
    dunder.o(i.__mathlib_dbl_posinfnan) refers to dmul.o(.text) for __aeabi_dmul
    dunder.o(i.__mathlib_dbl_underflow) refers to dmul.o(.text) for __aeabi_dmul
    fpclassify.o(i.__ARM_fpclassify) refers (Special) to iusefp.o(.text) for __I$use$fp
    fpclassifyf.o(i.__ARM_fpclassifyf) refers (Special) to iusefp.o(.text) for __I$use$fp
    poly.o(i.__kernel_poly) refers (Special) to iusefp.o(.text) for __I$use$fp
    poly.o(i.__kernel_poly) refers to dmul.o(.text) for __aeabi_dmul
    poly.o(i.__kernel_poly) refers to dadd.o(.text) for __aeabi_dadd
    rredf.o(i.__mathlib_rredf2) refers (Special) to iusefp.o(.text) for __I$use$fp
    rredf.o(i.__mathlib_rredf2) refers to rredf.o(.constdata) for .constdata
    rredf.o(.constdata) refers (Special) to iusefp.o(.text) for __I$use$fp
    entry2.o(.ARM.Collect$$$$00000001) refers to entry2.o(.ARM.Collect$$$$00002712) for __lit__00000000
    entry2.o(.ARM.Collect$$$$00002712) refers to startup_rvmdk.o(STACK) for __initial_sp
    entry2.o(__vectab_stack_and_reset_area) refers to startup_rvmdk.o(STACK) for __initial_sp
    entry2.o(__vectab_stack_and_reset_area) refers to entry.o(.ARM.Collect$$$$00000000) for __main
    entry5.o(.ARM.Collect$$$$00000004) refers to init.o(.text) for __scatterload
    entry9a.o(.ARM.Collect$$$$0000000B) refers to main.o(i.main) for main
    entry9b.o(.ARM.Collect$$$$0000000C) refers to main.o(i.main) for main
    errno.o(i.__aeabi_errno_addr) refers to errno.o(.data) for .data
    errno.o(i.__read_errno) refers to errno.o(.data) for .data
    errno.o(i.__set_errno) refers to errno.o(.data) for .data
    depilogue.o(.text) refers to llshl.o(.text) for __aeabi_llsl
    depilogue.o(.text) refers to llushr.o(.text) for __aeabi_llsr
    init.o(.text) refers to entry5.o(.ARM.Collect$$$$00000004) for __main_after_scatterload


==============================================================================

Removing Unused input sections from the image.

    Removing adc.o(i.ADCBusy), (10 bytes).
    Removing adc.o(i.ADCComparatorConfigure), (10 bytes).
    Removing adc.o(i.ADCComparatorIntClear), (4 bytes).
    Removing adc.o(i.ADCComparatorIntDisable), (14 bytes).
    Removing adc.o(i.ADCComparatorIntEnable), (14 bytes).
    Removing adc.o(i.ADCComparatorIntStatus), (6 bytes).
    Removing adc.o(i.ADCComparatorRegionSet), (16 bytes).
    Removing adc.o(i.ADCComparatorReset), (34 bytes).
    Removing adc.o(i.ADCHardwareOversampleConfigure), (18 bytes).
    Removing adc.o(i.ADCIntClearEx), (8 bytes).
    Removing adc.o(i.ADCIntDisable), (12 bytes).
    Removing adc.o(i.ADCIntDisableEx), (8 bytes).
    Removing adc.o(i.ADCIntStatus), (54 bytes).
    Removing adc.o(i.ADCIntStatusEx), (22 bytes).
    Removing adc.o(i.ADCIntUnregister), (30 bytes).
    Removing adc.o(i.ADCPhaseDelayGet), (6 bytes).
    Removing adc.o(i.ADCPhaseDelaySet), (4 bytes).
    Removing adc.o(i.ADCReferenceGet), (10 bytes).
    Removing adc.o(i.ADCReferenceSet), (12 bytes).
    Removing adc.o(i.ADCSequenceDMADisable), (14 bytes).
    Removing adc.o(i.ADCSequenceDMAEnable), (14 bytes).
    Removing adc.o(i.ADCSequenceDisable), (12 bytes).
    Removing adc.o(i.ADCSequenceOverflow), (12 bytes).
    Removing adc.o(i.ADCSequenceOverflowClear), (8 bytes).
    Removing adc.o(i.ADCSequenceUnderflow), (12 bytes).
    Removing adc.o(i.ADCSequenceUnderflowClear), (8 bytes).
    Removing adc.o(i.ADCSoftwareOversampleConfigure), (28 bytes).
    Removing adc.o(i.ADCSoftwareOversampleDataGet), (60 bytes).
    Removing adc.o(i.ADCSoftwareOversampleStepConfigure), (116 bytes).
    Removing adc.o(.data), (3 bytes).
    Removing aes.o(i.AESAuthLengthSet), (4 bytes).
    Removing aes.o(i.AESConfigSet), (16 bytes).
    Removing aes.o(i.AESDMADisable), (12 bytes).
    Removing aes.o(i.AESDMAEnable), (12 bytes).
    Removing aes.o(i.AESDataAuth), (58 bytes).
    Removing aes.o(i.AESDataProcess), (68 bytes).
    Removing aes.o(i.AESDataProcessAuth), (108 bytes).
    Removing aes.o(i.AESDataRead), (30 bytes).
    Removing aes.o(i.AESDataReadNonBlocking), (34 bytes).
    Removing aes.o(i.AESDataWrite), (30 bytes).
    Removing aes.o(i.AESDataWriteNonBlocking), (34 bytes).
    Removing aes.o(i.AESIVRead), (30 bytes).
    Removing aes.o(i.AESIVSet), (18 bytes).
    Removing aes.o(i.AESIntClear), (28 bytes).
    Removing aes.o(i.AESIntDisable), (48 bytes).
    Removing aes.o(i.AESIntEnable), (48 bytes).
    Removing aes.o(i.AESIntRegister), (22 bytes).
    Removing aes.o(i.AESIntStatus), (80 bytes).
    Removing aes.o(i.AESIntUnregister), (18 bytes).
    Removing aes.o(i.AESKey1Set), (42 bytes).
    Removing aes.o(i.AESKey2Set), (42 bytes).
    Removing aes.o(i.AESKey3Set), (18 bytes).
    Removing aes.o(i.AESLengthSet), (6 bytes).
    Removing aes.o(i.AESReset), (28 bytes).
    Removing aes.o(i.AESTagRead), (30 bytes).
    Removing can.o(i.CANBitRateSet), (120 bytes).
    Removing can.o(i.CANBitTimingGet), (48 bytes).
    Removing can.o(i.CANBitTimingSet), (88 bytes).
    Removing can.o(i.CANDisable), (10 bytes).
    Removing can.o(i.CANEnable), (10 bytes).
    Removing can.o(i.CANErrCntrGet), (32 bytes).
    Removing can.o(i.CANInit), (82 bytes).
    Removing can.o(i.CANIntClear), (46 bytes).
    Removing can.o(i.CANIntDisable), (8 bytes).
    Removing can.o(i.CANIntEnable), (8 bytes).
    Removing can.o(i.CANIntRegister), (30 bytes).
    Removing can.o(i.CANIntStatus), (38 bytes).
    Removing can.o(i.CANIntUnregister), (26 bytes).
    Removing can.o(i.CANMessageClear), (30 bytes).
    Removing can.o(i.CANMessageGet), (382 bytes).
    Removing can.o(i.CANMessageSet), (384 bytes).
    Removing can.o(i.CANRetryGet), (18 bytes).
    Removing can.o(i.CANRetrySet), (20 bytes).
    Removing can.o(i.CANStatusGet), (78 bytes).
    Removing can.o(i._CANDataRegRead), (36 bytes).
    Removing can.o(i._CANDataRegWrite), (36 bytes).
    Removing can.o(i._CANIntNumberGet), (96 bytes).
    Removing can.o(.constdata), (32 bytes).
    Removing comp.o(i.ComparatorConfigure), (8 bytes).
    Removing comp.o(i.ComparatorIntClear), (8 bytes).
    Removing comp.o(i.ComparatorIntDisable), (12 bytes).
    Removing comp.o(i.ComparatorIntEnable), (12 bytes).
    Removing comp.o(i.ComparatorIntRegister), (38 bytes).
    Removing comp.o(i.ComparatorIntStatus), (24 bytes).
    Removing comp.o(i.ComparatorIntUnregister), (34 bytes).
    Removing comp.o(i.ComparatorRefSet), (4 bytes).
    Removing comp.o(i.ComparatorValueGet), (22 bytes).
    Removing crc.o(i.CRCConfigSet), (6 bytes).
    Removing crc.o(i.CRCDataProcess), (68 bytes).
    Removing crc.o(i.CRCDataWrite), (6 bytes).
    Removing crc.o(i.CRCResultRead), (16 bytes).
    Removing crc.o(i.CRCSeedSet), (6 bytes).
    Removing des.o(i.DESConfigSet), (12 bytes).
    Removing des.o(i.DESDMADisable), (8 bytes).
    Removing des.o(i.DESDMAEnable), (8 bytes).
    Removing des.o(i.DESDataProcess), (76 bytes).
    Removing des.o(i.DESDataRead), (32 bytes).
    Removing des.o(i.DESDataReadNonBlocking), (36 bytes).
    Removing des.o(i.DESDataWrite), (28 bytes).
    Removing des.o(i.DESDataWriteNonBlocking), (32 bytes).
    Removing des.o(i.DESIVSet), (26 bytes).
    Removing des.o(i.DESIntClear), (12 bytes).
    Removing des.o(i.DESIntDisable), (28 bytes).
    Removing des.o(i.DESIntEnable), (28 bytes).
    Removing des.o(i.DESIntRegister), (22 bytes).
    Removing des.o(i.DESIntStatus), (38 bytes).
    Removing des.o(i.DESIntUnregister), (18 bytes).
    Removing des.o(i.DESKeySet), (34 bytes).
    Removing des.o(i.DESLengthSet), (4 bytes).
    Removing des.o(i.DESReset), (22 bytes).
    Removing eeprom.o(i.EEPROMBlockCountGet), (16 bytes).
    Removing eeprom.o(i.EEPROMBlockHide), (16 bytes).
    Removing eeprom.o(i.EEPROMBlockLock), (24 bytes).
    Removing eeprom.o(i.EEPROMBlockPasswordSet), (52 bytes).
    Removing eeprom.o(i.EEPROMBlockProtectGet), (16 bytes).
    Removing eeprom.o(i.EEPROMBlockProtectSet), (32 bytes).
    Removing eeprom.o(i.EEPROMBlockUnlock), (48 bytes).
    Removing eeprom.o(i.EEPROMIntClear), (56 bytes).
    Removing eeprom.o(i.EEPROMIntDisable), (36 bytes).
    Removing eeprom.o(i.EEPROMIntEnable), (36 bytes).
    Removing eeprom.o(i.EEPROMIntStatus), (48 bytes).
    Removing eeprom.o(i.EEPROMMassErase), (88 bytes).
    Removing eeprom.o(i.EEPROMProgramNonBlocking), (72 bytes).
    Removing eeprom.o(i.EEPROMSizeGet), (16 bytes).
    Removing eeprom.o(i.EEPROMStatusGet), (12 bytes).
    Removing emac.o(i.EMACAddrFilterGet), (14 bytes).
    Removing emac.o(i.EMACAddrFilterSet), (32 bytes).
    Removing emac.o(i.EMACAddrGet), (38 bytes).
    Removing emac.o(i.EMACAddrSet), (56 bytes).
    Removing emac.o(i.EMACConfigGet), (64 bytes).
    Removing emac.o(i.EMACConfigSet), (52 bytes).
    Removing emac.o(i.EMACDMAStateGet), (16 bytes).
    Removing emac.o(i.EMACFrameFilterGet), (16 bytes).
    Removing emac.o(i.EMACFrameFilterSet), (16 bytes).
    Removing emac.o(i.EMACHashFilterBitCalculate), (48 bytes).
    Removing emac.o(i.EMACHashFilterGet), (10 bytes).
    Removing emac.o(i.EMACHashFilterSet), (6 bytes).
    Removing emac.o(i.EMACInit), (168 bytes).
    Removing emac.o(i.EMACIntClear), (58 bytes).
    Removing emac.o(i.EMACIntDisable), (60 bytes).
    Removing emac.o(i.EMACIntEnable), (64 bytes).
    Removing emac.o(i.EMACIntRegister), (22 bytes).
    Removing emac.o(i.EMACIntStatus), (52 bytes).
    Removing emac.o(i.EMACIntUnregister), (18 bytes).
    Removing emac.o(i.EMACNumAddrGet), (6 bytes).
    Removing emac.o(i.EMACPHYConfigSet), (124 bytes).
    Removing emac.o(i.EMACPHYExtendedRead), (64 bytes).
    Removing emac.o(i.EMACPHYExtendedWrite), (68 bytes).
    Removing emac.o(i.EMACPHYPowerOff), (38 bytes).
    Removing emac.o(i.EMACPHYPowerOn), (38 bytes).
    Removing emac.o(i.EMACPHYRead), (50 bytes).
    Removing emac.o(i.EMACPHYWrite), (48 bytes).
    Removing emac.o(i.EMACPowerManagementControlGet), (12 bytes).
    Removing emac.o(i.EMACPowerManagementControlSet), (16 bytes).
    Removing emac.o(i.EMACPowerManagementStatusGet), (10 bytes).
    Removing emac.o(i.EMACRemoteWakeUpFrameFilterGet), (32 bytes).
    Removing emac.o(i.EMACRemoteWakeUpFrameFilterSet), (32 bytes).
    Removing emac.o(i.EMACReset), (28 bytes).
    Removing emac.o(i.EMACRxDMACurrentBufferGet), (8 bytes).
    Removing emac.o(i.EMACRxDMACurrentDescriptorGet), (8 bytes).
    Removing emac.o(i.EMACRxDMADescriptorListGet), (8 bytes).
    Removing emac.o(i.EMACRxDMADescriptorListSet), (6 bytes).
    Removing emac.o(i.EMACRxDMAPollDemand), (8 bytes).
    Removing emac.o(i.EMACRxDisable), (22 bytes).
    Removing emac.o(i.EMACRxEnable), (22 bytes).
    Removing emac.o(i.EMACRxWatchdogTimerSet), (6 bytes).
    Removing emac.o(i.EMACStatusGet), (6 bytes).
    Removing emac.o(i.EMACTimestampAddendSet), (32 bytes).
    Removing emac.o(i.EMACTimestampConfigGet), (16 bytes).
    Removing emac.o(i.EMACTimestampConfigSet), (24 bytes).
    Removing emac.o(i.EMACTimestampDisable), (14 bytes).
    Removing emac.o(i.EMACTimestampEnable), (36 bytes).
    Removing emac.o(i.EMACTimestampIntStatus), (8 bytes).
    Removing emac.o(i.EMACTimestampPPSCommand), (24 bytes).
    Removing emac.o(i.EMACTimestampPPSCommandModeSet), (24 bytes).
    Removing emac.o(i.EMACTimestampPPSPeriodSet), (10 bytes).
    Removing emac.o(i.EMACTimestampPPSSimpleModeSet), (20 bytes).
    Removing emac.o(i.EMACTimestampSysTimeGet), (28 bytes).
    Removing emac.o(i.EMACTimestampSysTimeSet), (36 bytes).
    Removing emac.o(i.EMACTimestampSysTimeUpdate), (50 bytes).
    Removing emac.o(i.EMACTimestampTargetIntDisable), (14 bytes).
    Removing emac.o(i.EMACTimestampTargetIntEnable), (14 bytes).
    Removing emac.o(i.EMACTimestampTargetSet), (24 bytes).
    Removing emac.o(i.EMACTxDMACurrentBufferGet), (8 bytes).
    Removing emac.o(i.EMACTxDMACurrentDescriptorGet), (8 bytes).
    Removing emac.o(i.EMACTxDMADescriptorListGet), (8 bytes).
    Removing emac.o(i.EMACTxDMADescriptorListSet), (6 bytes).
    Removing emac.o(i.EMACTxDMAPollDemand), (8 bytes).
    Removing emac.o(i.EMACTxDisable), (22 bytes).
    Removing emac.o(i.EMACTxEnable), (22 bytes).
    Removing emac.o(i.EMACTxFlush), (36 bytes).
    Removing emac.o(i.EMACVLANHashFilterBitCalculate), (42 bytes).
    Removing emac.o(i.EMACVLANHashFilterGet), (8 bytes).
    Removing emac.o(i.EMACVLANHashFilterSet), (6 bytes).
    Removing emac.o(i.EMACVLANRxConfigGet), (12 bytes).
    Removing emac.o(i.EMACVLANRxConfigSet), (8 bytes).
    Removing emac.o(i.EMACVLANTxConfigGet), (14 bytes).
    Removing emac.o(i.EMACVLANTxConfigSet), (10 bytes).
    Removing emac.o(.constdata), (24 bytes).
    Removing epi.o(i.EPIAddressMapSet), (4 bytes).
    Removing epi.o(i.EPIConfigGPModeSet), (22 bytes).
    Removing epi.o(i.EPIConfigHB16CSSet), (48 bytes).
    Removing epi.o(i.EPIConfigHB16Set), (38 bytes).
    Removing epi.o(i.EPIConfigHB16TimingSet), (12 bytes).
    Removing epi.o(i.EPIConfigHB8CSSet), (48 bytes).
    Removing epi.o(i.EPIConfigHB8Set), (38 bytes).
    Removing epi.o(i.EPIConfigHB8TimingSet), (12 bytes).
    Removing epi.o(i.EPIConfigSDRAMSet), (16 bytes).
    Removing epi.o(i.EPIDMATxCount), (8 bytes).
    Removing epi.o(i.EPIDividerCSSet), (64 bytes).
    Removing epi.o(i.EPIDividerSet), (4 bytes).
    Removing epi.o(i.EPIFIFOConfig), (6 bytes).
    Removing epi.o(i.EPIIntDisable), (12 bytes).
    Removing epi.o(i.EPIIntEnable), (12 bytes).
    Removing epi.o(i.EPIIntErrorClear), (6 bytes).
    Removing epi.o(i.EPIIntErrorStatus), (8 bytes).
    Removing epi.o(i.EPIIntRegister), (30 bytes).
    Removing epi.o(i.EPIIntStatus), (16 bytes).
    Removing epi.o(i.EPIIntUnregister), (26 bytes).
    Removing epi.o(i.EPIModeSet), (4 bytes).
    Removing epi.o(i.EPINonBlockingReadAvail), (6 bytes).
    Removing epi.o(i.EPINonBlockingReadConfigure), (16 bytes).
    Removing epi.o(i.EPINonBlockingReadCount), (12 bytes).
    Removing epi.o(i.EPINonBlockingReadGet16), (30 bytes).
    Removing epi.o(i.EPINonBlockingReadGet32), (30 bytes).
    Removing epi.o(i.EPINonBlockingReadGet8), (30 bytes).
    Removing epi.o(i.EPINonBlockingReadStart), (12 bytes).
    Removing epi.o(i.EPINonBlockingReadStop), (14 bytes).
    Removing epi.o(i.EPIPSRAMConfigRegGet), (46 bytes).
    Removing epi.o(i.EPIPSRAMConfigRegGetNonBlocking), (52 bytes).
    Removing epi.o(i.EPIPSRAMConfigRegRead), (36 bytes).
    Removing epi.o(i.EPIPSRAMConfigRegSet), (44 bytes).
    Removing epi.o(i.EPIWriteFIFOCountGet), (8 bytes).
    Removing epi.o(i._EPIIntNumberGet), (36 bytes).
    Removing flash.o(i.FlashErase), (64 bytes).
    Removing flash.o(i.FlashIntClear), (12 bytes).
    Removing flash.o(i.FlashIntDisable), (16 bytes).
    Removing flash.o(i.FlashIntEnable), (16 bytes).
    Removing flash.o(i.FlashIntRegister), (20 bytes).
    Removing flash.o(i.FlashIntStatus), (20 bytes).
    Removing flash.o(i.FlashIntUnregister), (16 bytes).
    Removing flash.o(i.FlashProgram), (112 bytes).
    Removing flash.o(i.FlashProtectGet), (88 bytes).
    Removing flash.o(i.FlashProtectSave), (48 bytes).
    Removing flash.o(i.FlashProtectSet), (144 bytes).
    Removing flash.o(i.FlashUserGet), (28 bytes).
    Removing flash.o(i.FlashUserSave), (64 bytes).
    Removing flash.o(i.FlashUserSet), (24 bytes).
    Removing flash.o(.constdata), (128 bytes).
    Removing fpu.o(i.FPUDisable), (20 bytes).
    Removing fpu.o(i.FPUFlushToZeroModeSet), (20 bytes).
    Removing fpu.o(i.FPUHalfPrecisionModeSet), (20 bytes).
    Removing fpu.o(i.FPUNaNModeSet), (20 bytes).
    Removing fpu.o(i.FPURoundingModeSet), (20 bytes).
    Removing fpu.o(i.FPUStackingDisable), (20 bytes).
    Removing fpu.o(i.FPUStackingEnable), (24 bytes).
    Removing gpio.o(i.GPIOADCTriggerDisable), (12 bytes).
    Removing gpio.o(i.GPIOADCTriggerEnable), (12 bytes).
    Removing gpio.o(i.GPIODMATriggerDisable), (12 bytes).
    Removing gpio.o(i.GPIODMATriggerEnable), (12 bytes).
    Removing gpio.o(i.GPIODirModeGet), (46 bytes).
    Removing gpio.o(i.GPIOIntEnable), (12 bytes).
    Removing gpio.o(i.GPIOIntStatus), (16 bytes).
    Removing gpio.o(i.GPIOIntTypeGet), (84 bytes).
    Removing gpio.o(i.GPIOIntUnregister), (26 bytes).
    Removing gpio.o(i.GPIOPadConfigGet), (206 bytes).
    Removing gpio.o(i.GPIOPinTypeCAN), (30 bytes).
    Removing gpio.o(i.GPIOPinTypeCIR), (30 bytes).
    Removing gpio.o(i.GPIOPinTypeComparator), (30 bytes).
    Removing gpio.o(i.GPIOPinTypeEPI), (30 bytes).
    Removing gpio.o(i.GPIOPinTypeEthernetLED), (30 bytes).
    Removing gpio.o(i.GPIOPinTypeEthernetMII), (30 bytes).
    Removing gpio.o(i.GPIOPinTypeFan), (30 bytes).
    Removing gpio.o(i.GPIOPinTypeGPIOOutputOD), (30 bytes).
    Removing gpio.o(i.GPIOPinTypeKBColumn), (30 bytes).
    Removing gpio.o(i.GPIOPinTypeKBRow), (30 bytes).
    Removing gpio.o(i.GPIOPinTypeLCD), (30 bytes).
    Removing gpio.o(i.GPIOPinTypeLEDSeq), (30 bytes).
    Removing gpio.o(i.GPIOPinTypeLPC), (30 bytes).
    Removing gpio.o(i.GPIOPinTypePECIRx), (30 bytes).
    Removing gpio.o(i.GPIOPinTypePECITx), (30 bytes).
    Removing gpio.o(i.GPIOPinTypeSSI), (30 bytes).
    Removing gpio.o(i.GPIOPinTypeTimer), (30 bytes).
    Removing gpio.o(i.GPIOPinTypeUSBAnalog), (30 bytes).
    Removing gpio.o(i.GPIOPinTypeUSBDigital), (30 bytes).
    Removing gpio.o(i.GPIOPinTypeWakeHigh), (32 bytes).
    Removing gpio.o(i.GPIOPinTypeWakeLow), (32 bytes).
    Removing gpio.o(i.GPIOPinWakeStatus), (8 bytes).
    Removing hibernate.o(i.HibernateBatCheckDone), (16 bytes).
    Removing hibernate.o(i.HibernateBatCheckStart), (24 bytes).
    Removing hibernate.o(i.HibernateCalendarGet), (124 bytes).
    Removing hibernate.o(i.HibernateCalendarMatchGet), (132 bytes).
    Removing hibernate.o(i.HibernateCalendarMatchSet), (20 bytes).
    Removing hibernate.o(i.HibernateCalendarSet), (20 bytes).
    Removing hibernate.o(i.HibernateClockConfig), (80 bytes).
    Removing hibernate.o(i.HibernateCounterMode), (20 bytes).
    Removing hibernate.o(i.HibernateDataGet), (32 bytes).
    Removing hibernate.o(i.HibernateDataSet), (40 bytes).
    Removing hibernate.o(i.HibernateDisable), (24 bytes).
    Removing hibernate.o(i.HibernateEnableExpClk), (28 bytes).
    Removing hibernate.o(i.HibernateGPIORetentionDisable), (28 bytes).
    Removing hibernate.o(i.HibernateGPIORetentionEnable), (28 bytes).
    Removing hibernate.o(i.HibernateGPIORetentionGet), (28 bytes).
    Removing hibernate.o(i.HibernateIntClear), (24 bytes).
    Removing hibernate.o(i.HibernateIntDisable), (24 bytes).
    Removing hibernate.o(i.HibernateIntEnable), (24 bytes).
    Removing hibernate.o(i.HibernateIntRegister), (26 bytes).
    Removing hibernate.o(i.HibernateIntStatus), (24 bytes).
    Removing hibernate.o(i.HibernateIntUnregister), (22 bytes).
    Removing hibernate.o(i.HibernateIsActive), (16 bytes).
    Removing hibernate.o(i.HibernateLowBatGet), (16 bytes).
    Removing hibernate.o(i.HibernateLowBatSet), (32 bytes).
    Removing hibernate.o(i.HibernateRTCDisable), (24 bytes).
    Removing hibernate.o(i.HibernateRTCEnable), (24 bytes).
    Removing hibernate.o(i.HibernateRTCGet), (12 bytes).
    Removing hibernate.o(i.HibernateRTCMatchGet), (12 bytes).
    Removing hibernate.o(i.HibernateRTCMatchSet), (20 bytes).
    Removing hibernate.o(i.HibernateRTCSSGet), (16 bytes).
    Removing hibernate.o(i.HibernateRTCSSMatchGet), (16 bytes).
    Removing hibernate.o(i.HibernateRTCSSMatchSet), (24 bytes).
    Removing hibernate.o(i.HibernateRTCSet), (48 bytes).
    Removing hibernate.o(i.HibernateRTCTrimGet), (12 bytes).
    Removing hibernate.o(i.HibernateRTCTrimSet), (20 bytes).
    Removing hibernate.o(i.HibernateRequest), (24 bytes).
    Removing hibernate.o(i.HibernateTamperDisable), (60 bytes).
    Removing hibernate.o(i.HibernateTamperEnable), (60 bytes).
    Removing hibernate.o(i.HibernateTamperEventsClear), (60 bytes).
    Removing hibernate.o(i.HibernateTamperEventsClearNoLock), (24 bytes).
    Removing hibernate.o(i.HibernateTamperEventsConfig), (64 bytes).
    Removing hibernate.o(i.HibernateTamperEventsGet), (104 bytes).
    Removing hibernate.o(i.HibernateTamperExtOscRecover), (60 bytes).
    Removing hibernate.o(i.HibernateTamperExtOscValid), (20 bytes).
    Removing hibernate.o(i.HibernateTamperIODisable), (68 bytes).
    Removing hibernate.o(i.HibernateTamperIOEnable), (84 bytes).
    Removing hibernate.o(i.HibernateTamperLock), (24 bytes).
    Removing hibernate.o(i.HibernateTamperStatusGet), (60 bytes).
    Removing hibernate.o(i.HibernateTamperUnLock), (24 bytes).
    Removing hibernate.o(i.HibernateWakeGet), (64 bytes).
    Removing hibernate.o(i.HibernateWakeSet), (124 bytes).
    Removing hibernate.o(i._HibernateCalendarSet), (256 bytes).
    Removing hibernate.o(i._HibernateIntNumberGet), (36 bytes).
    Removing hibernate.o(i._HibernateWriteComplete), (20 bytes).
    Removing i2c.o(i.I2CFIFODataGet), (22 bytes).
    Removing i2c.o(i.I2CFIFODataGetNonBlocking), (26 bytes).
    Removing i2c.o(i.I2CFIFODataPut), (20 bytes).
    Removing i2c.o(i.I2CFIFODataPutNonBlocking), (24 bytes).
    Removing i2c.o(i.I2CFIFOStatus), (8 bytes).
    Removing i2c.o(i.I2CIntRegister), (30 bytes).
    Removing i2c.o(i.I2CIntUnregister), (26 bytes).
    Removing i2c.o(i.I2CMasterBurstCountGet), (6 bytes).
    Removing i2c.o(i.I2CMasterBurstLengthSet), (4 bytes).
    Removing i2c.o(i.I2CMasterBusBusy), (18 bytes).
    Removing i2c.o(i.I2CMasterDisable), (10 bytes).
    Removing i2c.o(i.I2CMasterErr), (30 bytes).
    Removing i2c.o(i.I2CMasterGlitchFilterConfigSet), (8 bytes).
    Removing i2c.o(i.I2CMasterIntClear), (8 bytes).
    Removing i2c.o(i.I2CMasterIntClearEx), (4 bytes).
    Removing i2c.o(i.I2CMasterIntDisable), (6 bytes).
    Removing i2c.o(i.I2CMasterIntDisableEx), (8 bytes).
    Removing i2c.o(i.I2CMasterIntEnable), (6 bytes).
    Removing i2c.o(i.I2CMasterIntEnableEx), (8 bytes).
    Removing i2c.o(i.I2CMasterIntStatus), (28 bytes).
    Removing i2c.o(i.I2CMasterIntStatusEx), (12 bytes).
    Removing i2c.o(i.I2CMasterLineStateGet), (6 bytes).
    Removing i2c.o(i.I2CMasterTimeoutSet), (4 bytes).
    Removing i2c.o(i.I2CRxFIFOConfigSet), (22 bytes).
    Removing i2c.o(i.I2CRxFIFOFlush), (14 bytes).
    Removing i2c.o(i.I2CSlaveACKOverride), (30 bytes).
    Removing i2c.o(i.I2CSlaveACKValueSet), (30 bytes).
    Removing i2c.o(i.I2CSlaveAddressSet), (28 bytes).
    Removing i2c.o(i.I2CSlaveDataGet), (8 bytes).
    Removing i2c.o(i.I2CSlaveDataPut), (6 bytes).
    Removing i2c.o(i.I2CSlaveDisable), (16 bytes).
    Removing i2c.o(i.I2CSlaveEnable), (16 bytes).
    Removing i2c.o(i.I2CSlaveFIFODisable), (8 bytes).
    Removing i2c.o(i.I2CSlaveFIFOEnable), (10 bytes).
    Removing i2c.o(i.I2CSlaveInit), (18 bytes).
    Removing i2c.o(i.I2CSlaveIntClear), (8 bytes).
    Removing i2c.o(i.I2CSlaveIntClearEx), (6 bytes).
    Removing i2c.o(i.I2CSlaveIntDisable), (14 bytes).
    Removing i2c.o(i.I2CSlaveIntDisableEx), (12 bytes).
    Removing i2c.o(i.I2CSlaveIntEnable), (14 bytes).
    Removing i2c.o(i.I2CSlaveIntEnableEx), (12 bytes).
    Removing i2c.o(i.I2CSlaveIntStatus), (32 bytes).
    Removing i2c.o(i.I2CSlaveIntStatusEx), (16 bytes).
    Removing i2c.o(i.I2CSlaveStatus), (8 bytes).
    Removing i2c.o(i.I2CTxFIFOConfigSet), (24 bytes).
    Removing i2c.o(i.I2CTxFIFOFlush), (14 bytes).
    Removing i2c.o(i._I2CIntNumberGet), (76 bytes).
    Removing i2c.o(.constdata), (128 bytes).
    Removing interrupt.o(i.IntDisable), (116 bytes).
    Removing interrupt.o(i.IntIsEnabled), (108 bytes).
    Removing interrupt.o(i.IntPendClear), (76 bytes).
    Removing interrupt.o(i.IntPendSet), (96 bytes).
    Removing interrupt.o(i.IntPriorityGet), (28 bytes).
    Removing interrupt.o(i.IntPriorityGroupingGet), (44 bytes).
    Removing interrupt.o(i.IntPriorityMaskGet), (8 bytes).
    Removing interrupt.o(i.IntPriorityMaskSet), (12 bytes).
    Removing interrupt.o(i.IntTrigger), (16 bytes).
    Removing interrupt.o(i.IntUnregister), (20 bytes).
    Removing interrupt.o(i._IntDefaultHandler), (4 bytes).
    Removing lcd.o(i.LCDClockReset), (36 bytes).
    Removing lcd.o(i.LCDDMAConfigSet), (4 bytes).
    Removing lcd.o(i.LCDIDDCommandWrite), (16 bytes).
    Removing lcd.o(i.LCDIDDConfigSet), (4 bytes).
    Removing lcd.o(i.LCDIDDDMADisable), (10 bytes).
    Removing lcd.o(i.LCDIDDDMAWrite), (50 bytes).
    Removing lcd.o(i.LCDIDDDataRead), (18 bytes).
    Removing lcd.o(i.LCDIDDDataWrite), (16 bytes).
    Removing lcd.o(i.LCDIDDIndexedRead), (32 bytes).
    Removing lcd.o(i.LCDIDDIndexedWrite), (28 bytes).
    Removing lcd.o(i.LCDIDDStatusRead), (18 bytes).
    Removing lcd.o(i.LCDIDDTimingSet), (54 bytes).
    Removing lcd.o(i.LCDIntClear), (4 bytes).
    Removing lcd.o(i.LCDIntDisable), (4 bytes).
    Removing lcd.o(i.LCDIntEnable), (4 bytes).
    Removing lcd.o(i.LCDIntRegister), (22 bytes).
    Removing lcd.o(i.LCDIntStatus), (12 bytes).
    Removing lcd.o(i.LCDIntUnregister), (18 bytes).
    Removing lcd.o(i.LCDModeSet), (36 bytes).
    Removing lcd.o(i.LCDRasterACBiasIntCountSet), (22 bytes).
    Removing lcd.o(i.LCDRasterConfigSet), (8 bytes).
    Removing lcd.o(i.LCDRasterDisable), (10 bytes).
    Removing lcd.o(i.LCDRasterEnable), (22 bytes).
    Removing lcd.o(i.LCDRasterEnabled), (10 bytes).
    Removing lcd.o(i.LCDRasterFrameBufferSet), (24 bytes).
    Removing lcd.o(i.LCDRasterPaletteSet), (126 bytes).
    Removing lcd.o(i.LCDRasterSubPanelConfigSet), (48 bytes).
    Removing lcd.o(i.LCDRasterSubPanelDisable), (10 bytes).
    Removing lcd.o(i.LCDRasterSubPanelEnable), (10 bytes).
    Removing lcd.o(i.LCDRasterTimingSet), (158 bytes).
    Removing mpu.o(i.MPUDisable), (20 bytes).
    Removing mpu.o(i.MPUEnable), (16 bytes).
    Removing mpu.o(i.MPUIntRegister), (20 bytes).
    Removing mpu.o(i.MPUIntUnregister), (16 bytes).
    Removing mpu.o(i.MPURegionCountGet), (16 bytes).
    Removing mpu.o(i.MPURegionDisable), (28 bytes).
    Removing mpu.o(i.MPURegionEnable), (28 bytes).
    Removing mpu.o(i.MPURegionGet), (28 bytes).
    Removing mpu.o(i.MPURegionSet), (32 bytes).
    Removing pwm.o(i.PWMClockGet), (28 bytes).
    Removing pwm.o(i.PWMClockSet), (18 bytes).
    Removing pwm.o(i.PWMDeadBandDisable), (14 bytes).
    Removing pwm.o(i.PWMDeadBandEnable), (18 bytes).
    Removing pwm.o(i.PWMFaultIntClear), (8 bytes).
    Removing pwm.o(i.PWMFaultIntClearExt), (4 bytes).
    Removing pwm.o(i.PWMFaultIntRegister), (30 bytes).
    Removing pwm.o(i.PWMFaultIntUnregister), (26 bytes).
    Removing pwm.o(i.PWMGenDisable), (10 bytes).
    Removing pwm.o(i.PWMGenFaultClear), (36 bytes).
    Removing pwm.o(i.PWMGenFaultConfigure), (20 bytes).
    Removing pwm.o(i.PWMGenFaultStatus), (38 bytes).
    Removing pwm.o(i.PWMGenFaultTriggerGet), (16 bytes).
    Removing pwm.o(i.PWMGenFaultTriggerSet), (16 bytes).
    Removing pwm.o(i.PWMGenIntClear), (6 bytes).
    Removing pwm.o(i.PWMGenIntRegister), (38 bytes).
    Removing pwm.o(i.PWMGenIntStatus), (16 bytes).
    Removing pwm.o(i.PWMGenIntTrigDisable), (14 bytes).
    Removing pwm.o(i.PWMGenIntTrigEnable), (14 bytes).
    Removing pwm.o(i.PWMGenIntUnregister), (30 bytes).
    Removing pwm.o(i.PWMGenPeriodGet), (24 bytes).
    Removing pwm.o(i.PWMIntDisable), (8 bytes).
    Removing pwm.o(i.PWMIntEnable), (8 bytes).
    Removing pwm.o(i.PWMIntStatus), (14 bytes).
    Removing pwm.o(i.PWMOutputFault), (20 bytes).
    Removing pwm.o(i.PWMOutputFaultLevel), (20 bytes).
    Removing pwm.o(i.PWMOutputInvert), (20 bytes).
    Removing pwm.o(i.PWMOutputUpdateMode), (82 bytes).
    Removing pwm.o(i.PWMPulseWidthGet), (40 bytes).
    Removing pwm.o(i.PWMSyncTimeBase), (4 bytes).
    Removing pwm.o(i.PWMSyncUpdate), (4 bytes).
    Removing pwm.o(i._PWMFaultIntNumberGet), (84 bytes).
    Removing pwm.o(i._PWMGenIntNumberGet), (272 bytes).
    Removing qei.o(i.QEIDisable), (10 bytes).
    Removing qei.o(i.QEIErrorGet), (10 bytes).
    Removing qei.o(i.QEIIntDisable), (8 bytes).
    Removing qei.o(i.QEIIntStatus), (12 bytes).
    Removing qei.o(i.QEIIntUnregister), (26 bytes).
    Removing qei.o(i.QEIPositionGet), (6 bytes).
    Removing qei.o(i.QEIPositionSet), (4 bytes).
    Removing qei.o(i.QEIVelocityDisable), (10 bytes).
    Removing shamd5.o(i.SHAMD5ConfigSet), (4 bytes).
    Removing shamd5.o(i.SHAMD5DMADisable), (14 bytes).
    Removing shamd5.o(i.SHAMD5DMAEnable), (14 bytes).
    Removing shamd5.o(i.SHAMD5DataProcess), (70 bytes).
    Removing shamd5.o(i.SHAMD5DataWrite), (38 bytes).
    Removing shamd5.o(i.SHAMD5DataWriteNonBlocking), (42 bytes).
    Removing shamd5.o(i.SHAMD5HMACKeySet), (24 bytes).
    Removing shamd5.o(i.SHAMD5HMACPPKeyGenerate), (74 bytes).
    Removing shamd5.o(i.SHAMD5HMACPPKeySet), (28 bytes).
    Removing shamd5.o(i.SHAMD5HMACProcess), (70 bytes).
    Removing shamd5.o(i.SHAMD5HashLengthSet), (4 bytes).
    Removing shamd5.o(i.SHAMD5IntClear), (22 bytes).
    Removing shamd5.o(i.SHAMD5IntDisable), (60 bytes).
    Removing shamd5.o(i.SHAMD5IntEnable), (54 bytes).
    Removing shamd5.o(i.SHAMD5IntRegister), (22 bytes).
    Removing shamd5.o(i.SHAMD5IntStatus), (84 bytes).
    Removing shamd5.o(i.SHAMD5IntUnregister), (18 bytes).
    Removing shamd5.o(i.SHAMD5Reset), (40 bytes).
    Removing shamd5.o(i.SHAMD5ResultRead), (70 bytes).
    Removing shamd5.o(i._SHAMD5DataWriteMultiple), (80 bytes).
    Removing ssi.o(i.SSIAdvDataPutFrameEnd), (24 bytes).
    Removing ssi.o(i.SSIAdvDataPutFrameEndNonBlocking), (28 bytes).
    Removing ssi.o(i.SSIAdvFrameHoldDisable), (10 bytes).
    Removing ssi.o(i.SSIAdvFrameHoldEnable), (10 bytes).
    Removing ssi.o(i.SSIAdvModeSet), (12 bytes).
    Removing ssi.o(i.SSIBusy), (10 bytes).
    Removing ssi.o(i.SSIClockSourceGet), (8 bytes).
    Removing ssi.o(i.SSIClockSourceSet), (6 bytes).
    Removing ssi.o(i.SSIConfigSetExpClk), (102 bytes).
    Removing ssi.o(i.SSIDMADisable), (8 bytes).
    Removing ssi.o(i.SSIDMAEnable), (8 bytes).
    Removing ssi.o(i.SSIDataGet), (18 bytes).
    Removing ssi.o(i.SSIDataGetNonBlocking), (22 bytes).
    Removing ssi.o(i.SSIDataPut), (16 bytes).
    Removing ssi.o(i.SSIDataPutNonBlocking), (20 bytes).
    Removing ssi.o(i.SSIDisable), (10 bytes).
    Removing ssi.o(i.SSIEnable), (10 bytes).
    Removing ssi.o(i.SSIIntClear), (4 bytes).
    Removing ssi.o(i.SSIIntDisable), (8 bytes).
    Removing ssi.o(i.SSIIntEnable), (8 bytes).
    Removing ssi.o(i.SSIIntRegister), (30 bytes).
    Removing ssi.o(i.SSIIntStatus), (12 bytes).
    Removing ssi.o(i.SSIIntUnregister), (26 bytes).
    Removing ssi.o(i._SSIIntNumberGet), (76 bytes).
    Removing ssi.o(.constdata), (64 bytes).
    Removing sw_crc.o(i.Crc16), (208 bytes).
    Removing sw_crc.o(i.Crc16Array), (18 bytes).
    Removing sw_crc.o(i.Crc16Array3), (156 bytes).
    Removing sw_crc.o(i.Crc32), (208 bytes).
    Removing sw_crc.o(i.Crc8CCITT), (140 bytes).
    Removing sw_crc.o(.constdata), (1792 bytes).
    Removing sysctl.o(i.SysCtlADCSpeedGet), (16 bytes).
    Removing sysctl.o(i.SysCtlADCSpeedSet), (44 bytes).
    Removing sysctl.o(i.SysCtlAltClkConfig), (12 bytes).
    Removing sysctl.o(i.SysCtlClockFreqSet), (684 bytes).
    Removing sysctl.o(i.SysCtlClockOutConfig), (16 bytes).
    Removing sysctl.o(i.SysCtlDeepSleep), (36 bytes).
    Removing sysctl.o(i.SysCtlDeepSleepClockConfigSet), (160 bytes).
    Removing sysctl.o(i.SysCtlDeepSleepClockSet), (12 bytes).
    Removing sysctl.o(i.SysCtlDeepSleepPowerSet), (12 bytes).
    Removing sysctl.o(i.SysCtlFlashSectorSizeGet), (52 bytes).
    Removing sysctl.o(i.SysCtlFlashSizeGet), (56 bytes).
    Removing sysctl.o(i.SysCtlGPIOAHBDisable), (24 bytes).
    Removing sysctl.o(i.SysCtlGPIOAHBEnable), (24 bytes).
    Removing sysctl.o(i.SysCtlIntClear), (12 bytes).
    Removing sysctl.o(i.SysCtlIntDisable), (16 bytes).
    Removing sysctl.o(i.SysCtlIntEnable), (16 bytes).
    Removing sysctl.o(i.SysCtlIntRegister), (20 bytes).
    Removing sysctl.o(i.SysCtlIntStatus), (20 bytes).
    Removing sysctl.o(i.SysCtlIntUnregister), (16 bytes).
    Removing sysctl.o(i.SysCtlLDODeepSleepGet), (12 bytes).
    Removing sysctl.o(i.SysCtlLDODeepSleepSet), (12 bytes).
    Removing sysctl.o(i.SysCtlLDOSleepGet), (12 bytes).
    Removing sysctl.o(i.SysCtlLDOSleepSet), (12 bytes).
    Removing sysctl.o(i.SysCtlMOSCConfigSet), (12 bytes).
    Removing sysctl.o(i.SysCtlNMIClear), (16 bytes).
    Removing sysctl.o(i.SysCtlNMIStatus), (12 bytes).
    Removing sysctl.o(i.SysCtlPIOSCCalibrate), (92 bytes).
    Removing sysctl.o(i.SysCtlPWMClockGet), (28 bytes).
    Removing sysctl.o(i.SysCtlPeripheralClockGating), (96 bytes).
    Removing sysctl.o(i.SysCtlPeripheralDeepSleepDisable), (52 bytes).
    Removing sysctl.o(i.SysCtlPeripheralDeepSleepEnable), (52 bytes).
    Removing sysctl.o(i.SysCtlPeripheralDisable), (52 bytes).
    Removing sysctl.o(i.SysCtlPeripheralPowerOff), (52 bytes).
    Removing sysctl.o(i.SysCtlPeripheralPowerOn), (52 bytes).
    Removing sysctl.o(i.SysCtlPeripheralPresent), (56 bytes).
    Removing sysctl.o(i.SysCtlPeripheralSleepDisable), (52 bytes).
    Removing sysctl.o(i.SysCtlPeripheralSleepEnable), (52 bytes).
    Removing sysctl.o(i.SysCtlReset), (20 bytes).
    Removing sysctl.o(i.SysCtlResetBehaviorGet), (12 bytes).
    Removing sysctl.o(i.SysCtlResetBehaviorSet), (12 bytes).
    Removing sysctl.o(i.SysCtlResetCauseClear), (16 bytes).
    Removing sysctl.o(i.SysCtlResetCauseGet), (12 bytes).
    Removing sysctl.o(i.SysCtlSRAMSizeGet), (16 bytes).
    Removing sysctl.o(i.SysCtlSleep), (8 bytes).
    Removing sysctl.o(i.SysCtlSleepPowerSet), (12 bytes).
    Removing sysctl.o(i.SysCtlUSBPLLDisable), (20 bytes).
    Removing sysctl.o(i.SysCtlUSBPLLEnable), (20 bytes).
    Removing sysctl.o(i.SysCtlVoltageEventClear), (16 bytes).
    Removing sysctl.o(i.SysCtlVoltageEventConfig), (12 bytes).
    Removing sysctl.o(i.SysCtlVoltageEventStatus), (12 bytes).
    Removing sysctl.o(i._SysCtlFrequencyGet), (100 bytes).
    Removing sysctl.o(i._SysCtlMemTimingGet), (40 bytes).
    Removing sysexc.o(i.SysExcIntClear), (12 bytes).
    Removing sysexc.o(i.SysExcIntDisable), (16 bytes).
    Removing sysexc.o(i.SysExcIntEnable), (16 bytes).
    Removing sysexc.o(i.SysExcIntRegister), (26 bytes).
    Removing sysexc.o(i.SysExcIntStatus), (20 bytes).
    Removing sysexc.o(i.SysExcIntUnregister), (22 bytes).
    Removing sysexc.o(i._SysExcIntNumberGet), (56 bytes).
    Removing systick.o(i.SysTickDisable), (18 bytes).
    Removing systick.o(i.SysTickIntDisable), (18 bytes).
    Removing systick.o(i.SysTickIntUnregister), (26 bytes).
    Removing timer.o(i.TimerADCEventGet), (6 bytes).
    Removing timer.o(i.TimerADCEventSet), (4 bytes).
    Removing timer.o(i.TimerClockSourceGet), (8 bytes).
    Removing timer.o(i.TimerClockSourceSet), (6 bytes).
    Removing timer.o(i.TimerControlEvent), (22 bytes).
    Removing timer.o(i.TimerControlLevel), (22 bytes).
    Removing timer.o(i.TimerControlStall), (22 bytes).
    Removing timer.o(i.TimerControlTrigger), (72 bytes).
    Removing timer.o(i.TimerControlWaitOnTrigger), (52 bytes).
    Removing timer.o(i.TimerDMAEventGet), (6 bytes).
    Removing timer.o(i.TimerDMAEventSet), (4 bytes).
    Removing timer.o(i.TimerDisable), (14 bytes).
    Removing timer.o(i.TimerIntDisable), (8 bytes).
    Removing timer.o(i.TimerIntStatus), (12 bytes).
    Removing timer.o(i.TimerIntUnregister), (30 bytes).
    Removing timer.o(i.TimerLoadGet), (14 bytes).
    Removing timer.o(i.TimerLoadGet64), (26 bytes).
    Removing timer.o(i.TimerLoadSet64), (6 bytes).
    Removing timer.o(i.TimerMatchGet), (14 bytes).
    Removing timer.o(i.TimerMatchGet64), (26 bytes).
    Removing timer.o(i.TimerMatchSet), (16 bytes).
    Removing timer.o(i.TimerMatchSet64), (6 bytes).
    Removing timer.o(i.TimerPrescaleGet), (14 bytes).
    Removing timer.o(i.TimerPrescaleMatchGet), (14 bytes).
    Removing timer.o(i.TimerPrescaleMatchSet), (16 bytes).
    Removing timer.o(i.TimerPrescaleSet), (16 bytes).
    Removing timer.o(i.TimerRTCDisable), (10 bytes).
    Removing timer.o(i.TimerRTCEnable), (10 bytes).
    Removing timer.o(i.TimerSynchronize), (4 bytes).
    Removing timer.o(i.TimerValueGet), (14 bytes).
    Removing timer.o(i.TimerValueGet64), (26 bytes).
    Removing uart.o(i.UART9BitAddrSend), (44 bytes).
    Removing uart.o(i.UART9BitAddrSet), (10 bytes).
    Removing uart.o(i.UART9BitDisable), (14 bytes).
    Removing uart.o(i.UART9BitEnable), (14 bytes).
    Removing uart.o(i.UARTBreakCtl), (20 bytes).
    Removing uart.o(i.UARTBusy), (10 bytes).
    Removing uart.o(i.UARTCharGetNonBlocking), (20 bytes).
    Removing uart.o(i.UARTCharPutNonBlocking), (20 bytes).
    Removing uart.o(i.UARTClockSourceGet), (8 bytes).
    Removing uart.o(i.UARTClockSourceSet), (6 bytes).
    Removing uart.o(i.UARTConfigGetExpClk), (44 bytes).
    Removing uart.o(i.UARTDMADisable), (8 bytes).
    Removing uart.o(i.UARTDMAEnable), (8 bytes).
    Removing uart.o(i.UARTDisableSIR), (10 bytes).
    Removing uart.o(i.UARTEnableSIR), (22 bytes).
    Removing uart.o(i.UARTFIFOEnable), (10 bytes).
    Removing uart.o(i.UARTFIFOLevelGet), (18 bytes).
    Removing uart.o(i.UARTFIFOLevelSet), (8 bytes).
    Removing uart.o(i.UARTFlowControlGet), (10 bytes).
    Removing uart.o(i.UARTFlowControlSet), (12 bytes).
    Removing uart.o(i.UARTIntDisable), (8 bytes).
    Removing uart.o(i.UARTIntUnregister), (26 bytes).
    Removing uart.o(i.UARTModemControlClear), (12 bytes).
    Removing uart.o(i.UARTModemControlGet), (10 bytes).
    Removing uart.o(i.UARTModemControlSet), (12 bytes).
    Removing uart.o(i.UARTModemStatusGet), (12 bytes).
    Removing uart.o(i.UARTParityModeGet), (10 bytes).
    Removing uart.o(i.UARTParityModeSet), (12 bytes).
    Removing uart.o(i.UARTRxErrorClear), (6 bytes).
    Removing uart.o(i.UARTRxErrorGet), (10 bytes).
    Removing uart.o(i.UARTSmartCardDisable), (10 bytes).
    Removing uart.o(i.UARTSmartCardEnable), (22 bytes).
    Removing uart.o(i.UARTSpaceAvail), (12 bytes).
    Removing uart.o(i.UARTTxIntModeGet), (10 bytes).
    Removing uart.o(i.UARTTxIntModeSet), (12 bytes).
    Removing udma.o(i.uDMAChannelAssign), (40 bytes).
    Removing udma.o(i.uDMAChannelAttributeDisable), (68 bytes).
    Removing udma.o(i.uDMAChannelAttributeEnable), (68 bytes).
    Removing udma.o(i.uDMAChannelAttributeGet), (80 bytes).
    Removing udma.o(i.uDMAChannelControlSet), (40 bytes).
    Removing udma.o(i.uDMAChannelDisable), (20 bytes).
    Removing udma.o(i.uDMAChannelEnable), (20 bytes).
    Removing udma.o(i.uDMAChannelIsEnabled), (32 bytes).
    Removing udma.o(i.uDMAChannelModeGet), (48 bytes).
    Removing udma.o(i.uDMAChannelRequest), (20 bytes).
    Removing udma.o(i.uDMAChannelScatterGatherSet), (92 bytes).
    Removing udma.o(i.uDMAChannelSelectDefault), (16 bytes).
    Removing udma.o(i.uDMAChannelSelectSecondary), (16 bytes).
    Removing udma.o(i.uDMAChannelSizeGet), (44 bytes).
    Removing udma.o(i.uDMAChannelTransferSet), (176 bytes).
    Removing udma.o(i.uDMAControlAlternateBaseGet), (12 bytes).
    Removing udma.o(i.uDMAControlBaseGet), (12 bytes).
    Removing udma.o(i.uDMAControlBaseSet), (12 bytes).
    Removing udma.o(i.uDMADisable), (12 bytes).
    Removing udma.o(i.uDMAEnable), (12 bytes).
    Removing udma.o(i.uDMAErrorStatusClear), (12 bytes).
    Removing udma.o(i.uDMAErrorStatusGet), (12 bytes).
    Removing udma.o(i.uDMAIntClear), (12 bytes).
    Removing udma.o(i.uDMAIntRegister), (22 bytes).
    Removing udma.o(i.uDMAIntStatus), (12 bytes).
    Removing udma.o(i.uDMAIntUnregister), (18 bytes).
    Removing usb.o(i.USBClockDisable), (8 bytes).
    Removing usb.o(i.USBClockEnable), (10 bytes).
    Removing usb.o(i.USBControllerVersion), (12 bytes).
    Removing usb.o(i.USBDMAChannelAddressGet), (12 bytes).
    Removing usb.o(i.USBDMAChannelAddressSet), (12 bytes).
    Removing usb.o(i.USBDMAChannelConfigSet), (26 bytes).
    Removing usb.o(i.USBDMAChannelCountGet), (12 bytes).
    Removing usb.o(i.USBDMAChannelCountSet), (12 bytes).
    Removing usb.o(i.USBDMAChannelDisable), (24 bytes).
    Removing usb.o(i.USBDMAChannelEnable), (24 bytes).
    Removing usb.o(i.USBDMAChannelIntDisable), (24 bytes).
    Removing usb.o(i.USBDMAChannelIntEnable), (24 bytes).
    Removing usb.o(i.USBDMAChannelIntStatus), (8 bytes).
    Removing usb.o(i.USBDMAChannelStatus), (16 bytes).
    Removing usb.o(i.USBDMAChannelStatusClear), (26 bytes).
    Removing usb.o(i.USBDMANumChannels), (10 bytes).
    Removing usb.o(i.USBDevAddrGet), (6 bytes).
    Removing usb.o(i.USBDevAddrSet), (4 bytes).
    Removing usb.o(i.USBDevConnect), (10 bytes).
    Removing usb.o(i.USBDevDisconnect), (10 bytes).
    Removing usb.o(i.USBDevEndpointConfigGet), (200 bytes).
    Removing usb.o(i.USBDevEndpointConfigSet), (174 bytes).
    Removing usb.o(i.USBDevEndpointDataAck), (44 bytes).
    Removing usb.o(i.USBDevEndpointStall), (68 bytes).
    Removing usb.o(i.USBDevEndpointStallClear), (92 bytes).
    Removing usb.o(i.USBDevEndpointStatusClear), (112 bytes).
    Removing usb.o(i.USBDevLPMConfig), (6 bytes).
    Removing usb.o(i.USBDevLPMDisable), (14 bytes).
    Removing usb.o(i.USBDevLPMEnable), (14 bytes).
    Removing usb.o(i.USBDevLPMRemoteWake), (14 bytes).
    Removing usb.o(i.USBDevMode), (8 bytes).
    Removing usb.o(i.USBDevSpeedGet), (18 bytes).
    Removing usb.o(i.USBEndpointDMAChannel), (34 bytes).
    Removing usb.o(i.USBEndpointDMAConfigSet), (112 bytes).
    Removing usb.o(i.USBEndpointDMADisable), (60 bytes).
    Removing usb.o(i.USBEndpointDMAEnable), (60 bytes).
    Removing usb.o(i.USBEndpointDataAvail), (34 bytes).
    Removing usb.o(i.USBEndpointDataGet), (82 bytes).
    Removing usb.o(i.USBEndpointDataPut), (54 bytes).
    Removing usb.o(i.USBEndpointDataSend), (58 bytes).
    Removing usb.o(i.USBEndpointDataToggleClear), (52 bytes).
    Removing usb.o(i.USBEndpointPacketCountSet), (18 bytes).
    Removing usb.o(i.USBEndpointStatus), (28 bytes).
    Removing usb.o(i.USBFIFOAddrGet), (12 bytes).
    Removing usb.o(i.USBFIFOConfigGet), (88 bytes).
    Removing usb.o(i.USBFIFOConfigSet), (92 bytes).
    Removing usb.o(i.USBFIFOFlush), (96 bytes).
    Removing usb.o(i.USBFrameNumberGet), (6 bytes).
    Removing usb.o(i.USBHighSpeed), (22 bytes).
    Removing usb.o(i.USBHostAddrGet), (32 bytes).
    Removing usb.o(i.USBHostAddrSet), (32 bytes).
    Removing usb.o(i.USBHostEndpointConfig), (298 bytes).
    Removing usb.o(i.USBHostEndpointDataAck), (40 bytes).
    Removing usb.o(i.USBHostEndpointDataToggle), (114 bytes).
    Removing usb.o(i.USBHostEndpointPing), (44 bytes).
    Removing usb.o(i.USBHostEndpointSpeed), (124 bytes).
    Removing usb.o(i.USBHostEndpointStatusClear), (56 bytes).
    Removing usb.o(i.USBHostHubAddrGet), (32 bytes).
    Removing usb.o(i.USBHostHubAddrSet), (68 bytes).
    Removing usb.o(i.USBHostLPMConfig), (22 bytes).
    Removing usb.o(i.USBHostLPMResume), (14 bytes).
    Removing usb.o(i.USBHostLPMSend), (36 bytes).
    Removing usb.o(i.USBHostMode), (8 bytes).
    Removing usb.o(i.USBHostPwrConfig), (24 bytes).
    Removing usb.o(i.USBHostPwrDisable), (14 bytes).
    Removing usb.o(i.USBHostPwrEnable), (14 bytes).
    Removing usb.o(i.USBHostPwrFaultDisable), (14 bytes).
    Removing usb.o(i.USBHostPwrFaultEnable), (14 bytes).
    Removing usb.o(i.USBHostRequestIN), (20 bytes).
    Removing usb.o(i.USBHostRequestINClear), (24 bytes).
    Removing usb.o(i.USBHostRequestStatus), (8 bytes).
    Removing usb.o(i.USBHostReset), (22 bytes).
    Removing usb.o(i.USBHostResume), (22 bytes).
    Removing usb.o(i.USBHostSpeedGet), (48 bytes).
    Removing usb.o(i.USBHostSuspend), (10 bytes).
    Removing usb.o(i.USBIntDisableControl), (40 bytes).
    Removing usb.o(i.USBIntDisableEndpoint), (20 bytes).
    Removing usb.o(i.USBIntEnableControl), (40 bytes).
    Removing usb.o(i.USBIntEnableEndpoint), (22 bytes).
    Removing usb.o(i.USBIntRegister), (30 bytes).
    Removing usb.o(i.USBIntStatusControl), (64 bytes).
    Removing usb.o(i.USBIntStatusEndpoint), (12 bytes).
    Removing usb.o(i.USBIntUnregister), (26 bytes).
    Removing usb.o(i.USBLPMEndpointGet), (10 bytes).
    Removing usb.o(i.USBLPMIntDisable), (12 bytes).
    Removing usb.o(i.USBLPMIntEnable), (12 bytes).
    Removing usb.o(i.USBLPMIntStatus), (8 bytes).
    Removing usb.o(i.USBLPMLinkStateGet), (12 bytes).
    Removing usb.o(i.USBLPMRemoteWakeEnabled), (20 bytes).
    Removing usb.o(i.USBModeConfig), (6 bytes).
    Removing usb.o(i.USBModeGet), (12 bytes).
    Removing usb.o(i.USBNumEndpointsGet), (12 bytes).
    Removing usb.o(i.USBOTGMode), (8 bytes).
    Removing usb.o(i.USBOTGSessionRequest), (30 bytes).
    Removing usb.o(i.USBPHYPowerOff), (10 bytes).
    Removing usb.o(i.USBPHYPowerOn), (10 bytes).
    Removing usb.o(i.USBULPIConfig), (6 bytes).
    Removing usb.o(i.USBULPIDisable), (14 bytes).
    Removing usb.o(i.USBULPIEnable), (14 bytes).
    Removing usb.o(i.USBULPIRegRead), (38 bytes).
    Removing usb.o(i.USBULPIRegWrite), (34 bytes).
    Removing usb.o(i._USBIndexRead), (24 bytes).
    Removing usb.o(i._USBIndexWrite), (22 bytes).
    Removing usb.o(i._USBIntNumberGet), (60 bytes).
    Removing watchdog.o(i.WatchdogEnable), (10 bytes).
    Removing watchdog.o(i.WatchdogIntClear), (6 bytes).
    Removing watchdog.o(i.WatchdogIntEnable), (10 bytes).
    Removing watchdog.o(i.WatchdogIntRegister), (22 bytes).
    Removing watchdog.o(i.WatchdogIntStatus), (12 bytes).
    Removing watchdog.o(i.WatchdogIntTypeSet), (12 bytes).
    Removing watchdog.o(i.WatchdogIntUnregister), (18 bytes).
    Removing watchdog.o(i.WatchdogLock), (8 bytes).
    Removing watchdog.o(i.WatchdogLockState), (16 bytes).
    Removing watchdog.o(i.WatchdogReloadGet), (6 bytes).
    Removing watchdog.o(i.WatchdogReloadSet), (4 bytes).
    Removing watchdog.o(i.WatchdogResetDisable), (10 bytes).
    Removing watchdog.o(i.WatchdogResetEnable), (10 bytes).
    Removing watchdog.o(i.WatchdogRunning), (10 bytes).
    Removing watchdog.o(i.WatchdogStallDisable), (14 bytes).
    Removing watchdog.o(i.WatchdogStallEnable), (14 bytes).
    Removing watchdog.o(i.WatchdogUnlock), (12 bytes).
    Removing watchdog.o(i.WatchdogValueGet), (6 bytes).
    Removing fusionahrs.o(i.FusionAhrsGetFlags), (74 bytes).
    Removing fusionahrs.o(i.FusionAhrsGetInternalStates), (208 bytes).
    Removing fusionahrs.o(i.FusionAhrsGetLinearAcceleration), (224 bytes).
    Removing fusionahrs.o(i.FusionAhrsUpdateExternalHeading), (222 bytes).
    Removing fusionahrs.o(i.FusionAsin), (72 bytes).
    Removing fusionahrs.o(i.FusionRadiansToDegrees), (20 bytes).
    Removing fusionahrs.o(i.FusionVectorMagnitude), (40 bytes).
    Removing wp_math.o(i.FastSqrt), (20 bytes).
    Removing wp_math.o(i.FastSqrtI), (72 bytes).
    Removing wp_math.o(i.constrain_int16), (22 bytes).
    Removing wp_math.o(i.sq), (10 bytes).
    Removing pid.o(i.__ARM_isnanf), (14 bytes).
    Removing pid.o(i.pid_control_dt_run), (596 bytes).
    Removing pid.o(i.pid_control_dt_yaw_run), (652 bytes).
    Removing pid.o(i.pid_integrate_reset), (16 bytes).
    Removing gray_detection.o(i.gpio_input_check_channel_12), (1300 bytes).
    Removing gray_detection.o(i.gpio_input_check_channel_12_with_handle), (2376 bytes).
    Removing gray_detection.o(i.gpio_input_check_channel_7), (680 bytes).
    Removing gray_detection.o(i.gpio_input_check_from_vision), (108 bytes).
    Removing gray_detection.o(i.gpio_input_init), (144 bytes).
    Removing gray_detection.o(i.gray_turn_control_200hz), (232 bytes).
    Removing vision.o(i.Get_Camera_Wide_Angle), (136 bytes).
    Removing vision.o(i.SDK_DT_Reset), (16 bytes).
    Removing vision.o(i.Sensor_Parameter_Sort), (452 bytes).
    Removing raspi_undercontrol.o(i.Float2Byte), (100 bytes).
    Removing raspi_undercontrol.o(i.Raspi_Ctrl_Instruction_Dispatch), (176 bytes).
    Removing raspi_undercontrol.o(i.Serial_Data_Send), (18 bytes).
    Removing raspi_undercontrol.o(i.Tidata_Tosend_Raspi), (76 bytes).
    Removing neeprom.o(i.WriteFlashParameter_Two), (60 bytes).
    Removing oled.o(i.IIC_Ack), (56 bytes).
    Removing oled.o(i.IIC_NAck), (56 bytes).
    Removing oled.o(i.IIC_Wait_Ack), (80 bytes).
    Removing oled.o(i.LCD_Fill), (58 bytes).
    Removing oled.o(i.LCD_P8x16Char), (124 bytes).
    Removing oled.o(i.LCD_P8x16Str), (136 bytes).
    Removing oled.o(i.OLEDInit), (216 bytes).
    Removing oled.o(i.OLED_CLS), (56 bytes).
    Removing oled.o(i.OLED_Fill), (58 bytes).
    Removing oled.o(i.OLED_GPIO_Init), (64 bytes).
    Removing oled.o(i.OLED_IIC_Start), (56 bytes).
    Removing oled.o(i.OLED_IIC_Stop), (44 bytes).
    Removing oled.o(i.OLED_Init_I2C), (186 bytes).
    Removing oled.o(i.OLED_Set_Pos), (40 bytes).
    Removing oled.o(i.OLED_WrCmd), (32 bytes).
    Removing oled.o(i.OLED_WrDat), (32 bytes).
    Removing oled.o(i.SDA_IN), (14 bytes).
    Removing oled.o(i.SDA_OUT), (14 bytes).
    Removing oled.o(i.Write_IIC_Byte), (96 bytes).
    Removing oled.o(i.write_16_16_CN), (64 bytes).
    Removing oled.o(i.write_8_16_number), (388 bytes).
    Removing ssd1306.o(i.set_rotation), (100 bytes).
    Removing ssd1306.o(i.ssd1306_cp437), (20 bytes).
    Removing ssd1306.o(i.ssd1306_data), (12 bytes).
    Removing ssd1306.o(i.ssd1306_dim), (44 bytes).
    Removing ssd1306.o(i.ssd1306_draw_bitmap), (100 bytes).
    Removing ssd1306.o(i.ssd1306_draw_bitmap_bg), (118 bytes).
    Removing ssd1306.o(i.ssd1306_draw_char), (268 bytes).
    Removing ssd1306.o(i.ssd1306_draw_circle), (260 bytes).
    Removing ssd1306.o(i.ssd1306_draw_circle_helper), (230 bytes).
    Removing ssd1306.o(i.ssd1306_draw_fast_hline), (168 bytes).
    Removing ssd1306.o(i.ssd1306_draw_fast_hline_internal), (188 bytes).
    Removing ssd1306.o(i.ssd1306_draw_fast_vline), (168 bytes).
    Removing ssd1306.o(i.ssd1306_draw_fast_vline_internal), (400 bytes).
    Removing ssd1306.o(i.ssd1306_draw_rect), (76 bytes).
    Removing ssd1306.o(i.ssd1306_draw_round_rect), (210 bytes).
    Removing ssd1306.o(i.ssd1306_draw_triangle), (64 bytes).
    Removing ssd1306.o(i.ssd1306_draw_xbitmap), (110 bytes).
    Removing ssd1306.o(i.ssd1306_fill_circle), (48 bytes).
    Removing ssd1306.o(i.ssd1306_fill_circle_helper), (198 bytes).
    Removing ssd1306.o(i.ssd1306_fill_rect), (46 bytes).
    Removing ssd1306.o(i.ssd1306_fill_round_rect), (108 bytes).
    Removing ssd1306.o(i.ssd1306_fill_screen), (36 bytes).
    Removing ssd1306.o(i.ssd1306_fill_triangle), (400 bytes).
    Removing ssd1306.o(i.ssd1306_get_cursor_x), (12 bytes).
    Removing ssd1306.o(i.ssd1306_get_cursor_y), (12 bytes).
    Removing ssd1306.o(i.ssd1306_get_rotation), (12 bytes).
    Removing ssd1306.o(i.ssd1306_invert_display), (22 bytes).
    Removing ssd1306.o(i.ssd1306_puts), (18 bytes).
    Removing ssd1306.o(i.ssd1306_putstring), (22 bytes).
    Removing ssd1306.o(i.ssd1306_set_cursor), (20 bytes).
    Removing ssd1306.o(i.ssd1306_set_rotation), (100 bytes).
    Removing ssd1306.o(i.ssd1306_set_textcolor), (20 bytes).
    Removing ssd1306.o(i.ssd1306_set_textcolor_bg), (20 bytes).
    Removing ssd1306.o(i.ssd1306_set_textsize), (20 bytes).
    Removing ssd1306.o(i.ssd1306_set_textwrap), (20 bytes).
    Removing ssd1306.o(i.ssd1306_start_scroll_diag_left), (68 bytes).
    Removing ssd1306.o(i.ssd1306_start_scroll_diag_right), (68 bytes).
    Removing ssd1306.o(i.ssd1306_start_scroll_left), (56 bytes).
    Removing ssd1306.o(i.ssd1306_start_scroll_right), (56 bytes).
    Removing ssd1306.o(i.ssd1306_stop_scroll), (10 bytes).
    Removing ssd1306.o(i.ssd1306_write), (184 bytes).
    Removing ssd1306.o(.constdata), (1275 bytes).
    Removing ntimer.o(i.TIMER2A_Handler), (32 bytes).
    Removing ntimer.o(i.TIMER3A_Handler), (32 bytes).
    Removing ntimer.o(i.Time2A_Init), (92 bytes).
    Removing ntimer.o(i.Time3A_init), (92 bytes).
    Removing ni2c.o(i.Double_ReadI2C), (40 bytes).
    Removing ni2c.o(i.I2C0_Init), (120 bytes).
    Removing ni2c.o(i.Single_WriteI2C), (20 bytes).
    Removing ni2c.o(i.i2c0Read), (116 bytes).
    Removing ni2c.o(i.i2c0ReadData), (220 bytes).
    Removing ni2c.o(i.i2c0Write), (20 bytes).
    Removing ni2c.o(i.i2c0WriteData), (168 bytes).
    Removing ni2c.o(.data), (4 bytes).
    Removing npwm.o(i.PWM_Output), (92 bytes).
    Removing npwm.o(i.steer_servo_pwm_m1p0), (68 bytes).
    Removing npwm.o(i.steer_servo_pwm_m1p1), (68 bytes).
    Removing npwm.o(i.steer_servo_pwm_m1p2), (68 bytes).
    Removing npwm.o(i.steer_servo_pwm_m1p3), (68 bytes).
    Removing nencoder.o(i.mPulse_Handler), (448 bytes).
    Removing nencoder.o(i.motor_total_cnt_reset), (16 bytes).
    Removing nuart.o(i.UART2_Init), (148 bytes).
    Removing nuart.o(i.UART_SendByte), (104 bytes).
    Removing rgb.o(i.GPIO_ResetBits), (16 bytes).
    Removing rgb.o(i.GPIO_SetBits), (16 bytes).
    Removing rgb.o(i.rgb_start_bling), (84 bytes).
    Removing ultrasonic.o(i.hcsr04_statemachine), (208 bytes).
    Removing ultrasonic.o(i.rangefinder_statemachine), (64 bytes).
    Removing ultrasonic.o(i.us100_get_distance), (26 bytes).
    Removing ultrasonic.o(i.us100_get_temperature), (60 bytes).
    Removing ultrasonic.o(i.us100_start), (16 bytes).
    Removing ultrasonic.o(i.us100_statemachine), (148 bytes).
    Removing startup_rvmdk.o(HEAP), (1024 bytes).
    Removing startup_rvmdk.o(.text), (0 bytes).
    Removing system.o(i.Delay_Us), (12 bytes).
    Removing main.o(i.duty_100hz), (2 bytes).
    Removing main.o(i.duty_10hz), (2 bytes).
    Removing tm4c12x_it.o(i.UART0_IRQHandler), (56 bytes).
    Removing tm4c12x_it.o(i.UART1_IRQHandler), (56 bytes).
    Removing tm4c12x_it.o(i.UART2_IRQHandler), (56 bytes).
    Removing uartstdio.o(i.UARTStdioConfig), (108 bytes).
    Removing uartstdio.o(i.UARTgetc), (24 bytes).
    Removing uartstdio.o(i.UARTgets), (156 bytes).
    Removing uartstdio.o(i.UARTprintf), (26 bytes).
    Removing uartstdio.o(i.UARTvprintf), (592 bytes).
    Removing uartstdio.o(i.UARTwrite), (64 bytes).
    Removing uartstdio.o(.constdata), (28 bytes).
    Removing uartstdio.o(.conststring), (17 bytes).
    Removing uartstdio.o(.data), (5 bytes).
    Removing dflti.o(.text), (34 bytes).
    Removing dfltui.o(.text), (26 bytes).
    Removing dfixui.o(.text), (50 bytes).
    Removing dneg.o(.text), (6 bytes).
    Removing epi.o(i.EPIWorkaroundWordWrite), (12 bytes).
    Removing epi.o(i.EPIWorkaroundWordRead), (14 bytes).
    Removing epi.o(i.EPIWorkaroundHWordWrite), (12 bytes).
    Removing epi.o(i.EPIWorkaroundByteWrite), (12 bytes).
    Removing epi.o(i.EPIWorkaroundByteRead), (14 bytes).

956 unused section(s) (total 47974 bytes) removed from the image.
